Component: ARM Compiler 5.06 update 5 (build 528) Tool: armlink [4d35e2]

==============================================================================

Section Cross References

    startup_stm32f427_437xx.o(RESET) refers to startup_stm32f427_437xx.o(STACK) for __initial_sp
    startup_stm32f427_437xx.o(RESET) refers to startup_stm32f427_437xx.o(.text) for Reset_Handler
    startup_stm32f427_437xx.o(RESET) refers to stm32f4xx_it.o(i.NMI_Handler) for NMI_Handler
    startup_stm32f427_437xx.o(RESET) refers to stm32f4xx_it.o(i.HardFault_Handler) for HardFault_Handler
    startup_stm32f427_437xx.o(RESET) refers to stm32f4xx_it.o(i.MemManage_Handler) for MemManage_Handler
    startup_stm32f427_437xx.o(RESET) refers to stm32f4xx_it.o(i.BusFault_Handler) for BusFault_Handler
    startup_stm32f427_437xx.o(RESET) refers to stm32f4xx_it.o(i.UsageFault_Handler) for UsageFault_Handler
    startup_stm32f427_437xx.o(RESET) refers to stm32f4xx_it.o(i.DebugMon_Handler) for DebugMon_Handler
    startup_stm32f427_437xx.o(RESET) refers to stm32f4xx_it.o(i.EXTI2_IRQHandler) for EXTI2_IRQHandler
    startup_stm32f427_437xx.o(RESET) refers to stm32f4xx_it.o(i.EXTI3_IRQHandler) for EXTI3_IRQHandler
    startup_stm32f427_437xx.o(RESET) refers to stm32f4xx_it.o(i.CAN1_RX0_IRQHandler) for CAN1_RX0_IRQHandler
    startup_stm32f427_437xx.o(RESET) refers to encoder.o(i.TIM2_IRQHandler) for TIM2_IRQHandler
    startup_stm32f427_437xx.o(RESET) refers to main.o(i.TIM3_IRQHandler) for TIM3_IRQHandler
    startup_stm32f427_437xx.o(RESET) refers to main.o(i.TIM4_IRQHandler) for TIM4_IRQHandler
    startup_stm32f427_437xx.o(RESET) refers to uart5.o(i.UART5_IRQHandler) for UART5_IRQHandler
    startup_stm32f427_437xx.o(RESET) refers to stm32f4xx_it.o(i.CAN2_RX0_IRQHandler) for CAN2_RX0_IRQHandler
    startup_stm32f427_437xx.o(RESET) refers to bsp_dbus.o(i.DMA2_Stream5_IRQHandler) for DMA2_Stream5_IRQHandler
    startup_stm32f427_437xx.o(.text) refers to system_stm32f4xx.o(i.SystemInit) for SystemInit
    startup_stm32f427_437xx.o(.text) refers to entry.o(.ARM.Collect$$$$00000000) for __main
    system_stm32f4xx.o(i.SystemCoreClockUpdate) refers to system_stm32f4xx.o(.data) for SystemCoreClock
    system_stm32f4xx.o(i.SystemInit) refers to system_stm32f4xx.o(i.SetSysClock) for SetSysClock
    stm32f4xx_adc.o(i.ADC_DeInit) refers to stm32f4xx_rcc.o(i.RCC_APB2PeriphResetCmd) for RCC_APB2PeriphResetCmd
    stm32f4xx_can.o(i.CAN_DeInit) refers to stm32f4xx_rcc.o(i.RCC_APB1PeriphResetCmd) for RCC_APB1PeriphResetCmd
    stm32f4xx_can.o(i.CAN_GetITStatus) refers to stm32f4xx_can.o(i.CheckITStatus) for CheckITStatus
    stm32f4xx_cryp_aes.o(i.CRYP_AES_CBC) refers to stm32f4xx_cryp.o(i.CRYP_KeyStructInit) for CRYP_KeyStructInit
    stm32f4xx_cryp_aes.o(i.CRYP_AES_CBC) refers to stm32f4xx_cryp.o(i.CRYP_FIFOFlush) for CRYP_FIFOFlush
    stm32f4xx_cryp_aes.o(i.CRYP_AES_CBC) refers to stm32f4xx_cryp.o(i.CRYP_Init) for CRYP_Init
    stm32f4xx_cryp_aes.o(i.CRYP_AES_CBC) refers to stm32f4xx_cryp.o(i.CRYP_KeyInit) for CRYP_KeyInit
    stm32f4xx_cryp_aes.o(i.CRYP_AES_CBC) refers to stm32f4xx_cryp.o(i.CRYP_Cmd) for CRYP_Cmd
    stm32f4xx_cryp_aes.o(i.CRYP_AES_CBC) refers to stm32f4xx_cryp.o(i.CRYP_GetFlagStatus) for CRYP_GetFlagStatus
    stm32f4xx_cryp_aes.o(i.CRYP_AES_CBC) refers to stm32f4xx_cryp.o(i.CRYP_IVInit) for CRYP_IVInit
    stm32f4xx_cryp_aes.o(i.CRYP_AES_CBC) refers to stm32f4xx_cryp.o(i.CRYP_GetCmdStatus) for CRYP_GetCmdStatus
    stm32f4xx_cryp_aes.o(i.CRYP_AES_CBC) refers to stm32f4xx_cryp.o(i.CRYP_DataIn) for CRYP_DataIn
    stm32f4xx_cryp_aes.o(i.CRYP_AES_CBC) refers to stm32f4xx_cryp.o(i.CRYP_DataOut) for CRYP_DataOut
    stm32f4xx_cryp_aes.o(i.CRYP_AES_CCM) refers to stm32f4xx_cryp.o(i.CRYP_KeyStructInit) for CRYP_KeyStructInit
    stm32f4xx_cryp_aes.o(i.CRYP_AES_CCM) refers to stm32f4xx_cryp.o(i.CRYP_FIFOFlush) for CRYP_FIFOFlush
    stm32f4xx_cryp_aes.o(i.CRYP_AES_CCM) refers to stm32f4xx_cryp.o(i.CRYP_KeyInit) for CRYP_KeyInit
    stm32f4xx_cryp_aes.o(i.CRYP_AES_CCM) refers to stm32f4xx_cryp.o(i.CRYP_IVInit) for CRYP_IVInit
    stm32f4xx_cryp_aes.o(i.CRYP_AES_CCM) refers to stm32f4xx_cryp.o(i.CRYP_Init) for CRYP_Init
    stm32f4xx_cryp_aes.o(i.CRYP_AES_CCM) refers to stm32f4xx_cryp.o(i.CRYP_PhaseConfig) for CRYP_PhaseConfig
    stm32f4xx_cryp_aes.o(i.CRYP_AES_CCM) refers to stm32f4xx_cryp.o(i.CRYP_DataIn) for CRYP_DataIn
    stm32f4xx_cryp_aes.o(i.CRYP_AES_CCM) refers to stm32f4xx_cryp.o(i.CRYP_Cmd) for CRYP_Cmd
    stm32f4xx_cryp_aes.o(i.CRYP_AES_CCM) refers to stm32f4xx_cryp.o(i.CRYP_GetCmdStatus) for CRYP_GetCmdStatus
    stm32f4xx_cryp_aes.o(i.CRYP_AES_CCM) refers to stm32f4xx_cryp.o(i.CRYP_GetFlagStatus) for CRYP_GetFlagStatus
    stm32f4xx_cryp_aes.o(i.CRYP_AES_CCM) refers to stm32f4xx_cryp.o(i.CRYP_DataOut) for CRYP_DataOut
    stm32f4xx_cryp_aes.o(i.CRYP_AES_CTR) refers to stm32f4xx_cryp.o(i.CRYP_KeyStructInit) for CRYP_KeyStructInit
[...]
    ..\\Libraries\\STM32F4xx_StdPeriph_Driver\\src\\stm32f4xx_sdio.c 0x00000000   Number         0  stm32f4xx_sdio.o ABSOLUTE
    ..\\Libraries\\STM32F4xx_StdPeriph_Driver\\src\\stm32f4xx_spi.c 0x00000000   Number         0  stm32f4xx_spi.o ABSOLUTE
    ..\\Libraries\\STM32F4xx_StdPeriph_Driver\\src\\stm32f4xx_syscfg.c 0x00000000   Number         0  stm32f4xx_syscfg.o ABSOLUTE
    ..\\Libraries\\STM32F4xx_StdPeriph_Driver\\src\\stm32f4xx_tim.c 0x00000000   Number         0  stm32f4xx_tim.o ABSOLUTE
    ..\\Libraries\\STM32F4xx_StdPeriph_Driver\\src\\stm32f4xx_usart.c 0x00000000   Number         0  stm32f4xx_usart.o ABSOLUTE
    ..\\User\\Init\\My_Init.c                0x00000000   Number         0  my_init.o ABSOLUTE
    ..\\User\\main.c                         0x00000000   Number         0  main.o ABSOLUTE
    ..\\User\\remote_code\\remote_code.c     0x00000000   Number         0  remote_code.o ABSOLUTE
    ..\\User\\stm32f4xx_it.c                 0x00000000   Number         0  stm32f4xx_it.o ABSOLUTE
    RTE\Data_Exchange\jansson_config.c       0x00000000   Number         0  jansson_config.o ABSOLUTE
    cdcmple.s                                0x00000000   Number         0  cdcmple.o ABSOLUTE
    cdrcmple.s                               0x00000000   Number         0  cdrcmple.o ABSOLUTE
    dc.s                                     0x00000000   Number         0  dc.o ABSOLUTE
    handlers.s                               0x00000000   Number         0  handlers.o ABSOLUTE
    init.s                                   0x00000000   Number         0  init.o ABSOLUTE
    RESET                                    0x08000000   Section      428  startup_stm32f427_437xx.o(RESET)
    .ARM.Collect$$$$00000000                 0x080001ac   Section        0  entry.o(.ARM.Collect$$$$00000000)
    .ARM.Collect$$$$00000001                 0x080001ac   Section        4  entry2.o(.ARM.Collect$$$$00000001)
    .ARM.Collect$$$$00000004                 0x080001b0   Section        4  entry5.o(.ARM.Collect$$$$00000004)
    .ARM.Collect$$$$00000008                 0x080001b4   Section        0  entry7b.o(.ARM.Collect$$$$00000008)
    .ARM.Collect$$$$0000000A                 0x080001b4   Section        0  entry8b.o(.ARM.Collect$$$$0000000A)
    .ARM.Collect$$$$0000000B                 0x080001b4   Section        8  entry9a.o(.ARM.Collect$$$$0000000B)
    .ARM.Collect$$$$0000000D                 0x080001bc   Section        0  entry10a.o(.ARM.Collect$$$$0000000D)
    .ARM.Collect$$$$0000000F                 0x080001bc   Section        0  entry11a.o(.ARM.Collect$$$$0000000F)
    .ARM.Collect$$$$00002712                 0x080001bc   Section        4  entry2.o(.ARM.Collect$$$$00002712)
    __lit__00000000                          0x080001bc   Data           4  entry2.o(.ARM.Collect$$$$00002712)
    .text                                    0x080001c0   Section       36  startup_stm32f427_437xx.o(.text)
    $v0                                      0x080001c0   Number         0  startup_stm32f427_437xx.o(.text)
    .text                                    0x080001e4   Section        0  memseta.o(.text)
    .text                                    0x08000208   Section        0  dadd.o(.text)
    .text                                    0x08000356   Section        0  dmul.o(.text)
    .text                                    0x0800043a   Section        0  ddiv.o(.text)
    .text                                    0x08000518   Section        0  dflti.o(.text)
    .text                                    0x0800053a   Section        0  dfltui.o(.text)
    .text                                    0x08000554   Section        0  dfixi.o(.text)
    .text                                    0x08000592   Section        0  dfixui.o(.text)
    .text                                    0x080005c4   Section        0  f2d.o(.text)
    .text                                    0x080005ec   Section       48  cdcmple.o(.text)
    .text                                    0x0800061c   Section       48  cdrcmple.o(.text)
    .text                                    0x0800064c   Section        0  d2f.o(.text)
    .text                                    0x08000684   Section        0  llshl.o(.text)
    .text                                    0x080006a2   Section        0  llushr.o(.text)
    .text                                    0x080006c2   Section        0  llsshr.o(.text)
    .text                                    0x080006e6   Section        0  fepilogue.o(.text)
    .text                                    0x080006e6   Section        0  iusefp.o(.text)
    .text                                    0x08000754   Section        0  depilogue.o(.text)
    .text                                    0x08000810   Section       36  init.o(.text)
    .text                                    0x08000834   Section        0  __dczerorl2.o(.text)
    i.APID_Init                              0x0800088a   Section        0  angle_pid.o(i.APID_Init)
    i.APID_Init_All                          0x080008a0   Section        0  angle_pid.o(i.APID_Init_All)
    i.All_Init                               0x080008f4   Section        0  my_init.o(i.All_Init)
    i.BaseVel_To_WheelVel                    0x08000a84   Section        0  kinematic.o(i.BaseVel_To_WheelVel)
    i.BusFault_Handler                       0x08000b8c   Section        0  stm32f4xx_it.o(i.BusFault_Handler)
    i.CAN1_Config                            0x08000b90   Section        0  can.o(i.CAN1_Config)
    i.CAN1_Filter_Config                     0x08000ba4   Section        0  can.o(i.CAN1_Filter_Config)
    CAN1_Filter_Config                       0x08000ba5   Thumb Code    64  can.o(i.CAN1_Filter_Config)
    i.CAN1_GPIO_Config                       0x08000be8   Section        0  can.o(i.CAN1_GPIO_Config)
    CAN1_GPIO_Config                         0x08000be9   Thumb Code    82  can.o(i.CAN1_GPIO_Config)
    i.CAN1_Mode_Config                       0x08000c40   Section        0  can.o(i.CAN1_Mode_Config)
    CAN1_Mode_Config                         0x08000c41   Thumb Code    88  can.o(i.CAN1_Mode_Config)
    i.CAN1_NVIC_Config                       0x08000c9c   Section        0  can.o(i.CAN1_NVIC_Config)
    CAN1_NVIC_Config                         0x08000c9d   Thumb Code    42  can.o(i.CAN1_NVIC_Config)
    i.CAN1_RX0_IRQHandler                    0x08000cc8   Section        0  stm32f4xx_it.o(i.CAN1_RX0_IRQHandler)
    i.CAN1_Send_CHASSIS_Msg                  0x08000e4c   Section        0  can.o(i.CAN1_Send_CHASSIS_Msg)
    i.CAN1_Send_flip_Msg                     0x08000ebc   Section        0  can.o(i.CAN1_Send_flip_Msg)
    i.CAN1_Send_handle_Msg                   0x08000f4c   Section        0  can.o(i.CAN1_Send_handle_Msg)
    i.CAN2_Config                            0x08000fdc   Section        0  can.o(i.CAN2_Config)
    i.CAN2_Filter_Config                     0x08000ff0   Section        0  can.o(i.CAN2_Filter_Config)
    CAN2_Filter_Config                       0x08000ff1   Thumb Code    66  can.o(i.CAN2_Filter_Config)
    i.CAN2_GPIO_Config                       0x08001038   Section        0  can.o(i.CAN2_GPIO_Config)
    CAN2_GPIO_Config                         0x08001039   Thumb Code    88  can.o(i.CAN2_GPIO_Config)
    i.CAN2_Mode_Config                       0x08001094   Section        0  can.o(i.CAN2_Mode_Config)
    CAN2_Mode_Config                         0x08001095   Thumb Code    86  can.o(i.CAN2_Mode_Config)
    i.CAN2_NVIC_Config                       0x080010f0   Section        0  can.o(i.CAN2_NVIC_Config)
    CAN2_NVIC_Config                         0x080010f1   Thumb Code    38  can.o(i.CAN2_NVIC_Config)
    i.CAN2_RX0_IRQHandler                    0x08001118   Section        0  stm32f4xx_it.o(i.CAN2_RX0_IRQHandler)
    i.CAN2_Send_belt_Msg                     0x0800129c   Section        0  can.o(i.CAN2_Send_belt_Msg)
    i.CAN2_Send_resuce_Msg                   0x0800130c   Section        0  can.o(i.CAN2_Send_resuce_Msg)
    i.CAN2_Send_resucecard_Msg               0x0800137c   Section        0  can.o(i.CAN2_Send_resucecard_Msg)
    i.CAN_DeInit                             0x080013ec   Section        0  stm32f4xx_can.o(i.CAN_DeInit)
    i.CAN_FilterInit                         0x08001424   Section        0  stm32f4xx_can.o(i.CAN_FilterInit)
    i.CAN_ITConfig                           0x0800152c   Section        0  stm32f4xx_can.o(i.CAN_ITConfig)
    i.CAN_Init                               0x0800153e   Section        0  stm32f4xx_can.o(i.CAN_Init)
    i.CAN_Receive                            0x08001652   Section        0  stm32f4xx_can.o(i.CAN_Receive)
    i.CAN_StructInit                         0x08001742   Section        0  stm32f4xx_can.o(i.CAN_StructInit)
    i.CAN_Transmit                           0x08001762   Section        0  stm32f4xx_can.o(i.CAN_Transmit)
    i.CAN_TransmitStatus                     0x08001888   Section        0  stm32f4xx_can.o(i.CAN_TransmitStatus)
    i.DMA2_Stream5_IRQHandler                0x08001928   Section        0  bsp_dbus.o(i.DMA2_Stream5_IRQHandler)
    i.DMA_ClearFlag                          0x08001a6c   Section        0  stm32f4xx_dma.o(i.DMA_ClearFlag)
    i.DMA_ClearITPendingBit                  0x08001aa0   Section        0  stm32f4xx_dma.o(i.DMA_ClearITPendingBit)
    i.DMA_Cmd                                0x08001ad4   Section        0  stm32f4xx_dma.o(i.DMA_Cmd)
    i.DMA_DeInit                             0x08001aec   Section        0  stm32f4xx_dma.o(i.DMA_DeInit)
    i.DMA_GetCurrDataCounter                 0x08001c44   Section        0  stm32f4xx_dma.o(i.DMA_GetCurrDataCounter)
    i.DMA_GetITStatus                        0x08001c4c   Section        0  stm32f4xx_dma.o(i.DMA_GetITStatus)
    i.DMA_ITConfig                           0x08001cb0   Section        0  stm32f4xx_dma.o(i.DMA_ITConfig)
    i.DMA_Init                               0x08001cec   Section        0  stm32f4xx_dma.o(i.DMA_Init)
    i.DebugMon_Handler                       0x08001d44   Section        0  stm32f4xx_it.o(i.DebugMon_Handler)
    i.Debug_Key                              0x08001d48   Section        0  tim3_events.o(i.Debug_Key)
    i.Debug_USART_Config                     0x08001d88   Section        0  bsp_debug_usart.o(i.Debug_USART_Config)
    i.Dji_Remote_Init                        0x08001e48   Section        0  bsp_dbus.o(i.Dji_Remote_Init)
    i.EXTI2_IRQHandler                       0x08001f60   Section        0  stm32f4xx_it.o(i.EXTI2_IRQHandler)
    i.EXTI3_IRQHandler                       0x08002010   Section        0  stm32f4xx_it.o(i.EXTI3_IRQHandler)
    i.EXTI_ClearITPendingBit                 0x080020c0   Section        0  stm32f4xx_exti.o(i.EXTI_ClearITPendingBit)
    i.EXTI_GetITStatus                       0x080020cc   Section        0  stm32f4xx_exti.o(i.EXTI_GetITStatus)
    i.GPIO_Init                              0x080020e4   Section        0  stm32f4xx_gpio.o(i.GPIO_Init)
    i.GPIO_PinAFConfig                       0x08002174   Section        0  stm32f4xx_gpio.o(i.GPIO_PinAFConfig)
    i.GPIO_ResetBits                         0x080021ba   Section        0  stm32f4xx_gpio.o(i.GPIO_ResetBits)
    i.GPIO_SetBits                           0x080021be   Section        0  stm32f4xx_gpio.o(i.GPIO_SetBits)
    i.Get_Base_Velocities                    0x080021c4   Section        0  kinematic.o(i.Get_Base_Velocities)
    i.HardFault_Handler                      0x080022f8   Section        0  stm32f4xx_it.o(i.HardFault_Handler)
    i.MY_NVIC_SetVectorTable                 0x080022fc   Section        0  sys.o(i.MY_NVIC_SetVectorTable)
    i.MemManage_Handler                      0x0800230c   Section        0  stm32f4xx_it.o(i.MemManage_Handler)
    i.NMI_Handler                            0x08002310   Section        0  stm32f4xx_it.o(i.NMI_Handler)
    i.NVIC_Init                              0x08002314   Section        0  misc.o(i.NVIC_Init)
    i.NVIC_PriorityGroupConfig               0x0800238c   Section        0  misc.o(i.NVIC_PriorityGroupConfig)
    i.Push_Init                              0x080023a0   Section        0  push.o(i.Push_Init)
    i.RCC_AHB1PeriphClockCmd                 0x08002454   Section        0  stm32f4xx_rcc.o(i.RCC_AHB1PeriphClockCmd)
    i.RCC_APB1PeriphClockCmd                 0x08002474   Section        0  stm32f4xx_rcc.o(i.RCC_APB1PeriphClockCmd)
    i.RCC_APB1PeriphResetCmd                 0x08002494   Section        0  stm32f4xx_rcc.o(i.RCC_APB1PeriphResetCmd)
    i.RCC_APB2PeriphClockCmd                 0x080024b4   Section        0  stm32f4xx_rcc.o(i.RCC_APB2PeriphClockCmd)
    i.RCC_APB2PeriphResetCmd                 0x080024d4   Section        0  stm32f4xx_rcc.o(i.RCC_APB2PeriphResetCmd)
    i.RCC_GetClocksFreq                      0x080024f4   Section        0  stm32f4xx_rcc.o(i.RCC_GetClocksFreq)
    i.Remote_Control                         0x080025dc   Section        0  remote_code.o(i.Remote_Control)
    i.Robo_Move                              0x08002aa0   Section        0  tim3_events.o(i.Robo_Move)
    i.SetSysClock                            0x08002bf0   Section        0  system_stm32f4xx.o(i.SetSysClock)
    SetSysClock                              0x08002bf1   Thumb Code   272  system_stm32f4xx.o(i.SetSysClock)
    i.Stm32_Clock_Init                       0x08002d10   Section        0  sys.o(i.Stm32_Clock_Init)
    i.Sys_Clock_Set                          0x08002d78   Section        0  sys.o(i.Sys_Clock_Set)
    i.SystemInit                             0x08002e84   Section        0  system_stm32f4xx.o(i.SystemInit)
    i.TIM2_IRQHandler                        0x08002eec   Section        0  encoder.o(i.TIM2_IRQHandler)
    i.TIM3_IRQHandler                        0x08002f2c   Section        0  main.o(i.TIM3_IRQHandler)
    i.TIM3_Int_Init                          0x08002fd4   Section        0  timer.o(i.TIM3_Int_Init)
    i.TIM4_IRQHandler                        0x08003028   Section        0  main.o(i.TIM4_IRQHandler)
    i.TIM_ARRPreloadConfig                   0x080030b4   Section        0  stm32f4xx_tim.o(i.TIM_ARRPreloadConfig)
    i.TIM_ClearITPendingBit                  0x080030cc   Section        0  stm32f4xx_tim.o(i.TIM_ClearITPendingBit)
    i.TIM_Cmd                                0x080030d2   Section        0  stm32f4xx_tim.o(i.TIM_Cmd)
    i.TIM_CtrlPWMOutputs                     0x080030ea   Section        0  stm32f4xx_tim.o(i.TIM_CtrlPWMOutputs)
    i.TIM_GetITStatus                        0x08003108   Section        0  stm32f4xx_tim.o(i.TIM_GetITStatus)
    i.TIM_ITConfig                           0x0800312a   Section        0  stm32f4xx_tim.o(i.TIM_ITConfig)
    i.TIM_OC1Init                            0x0800313c   Section        0  stm32f4xx_tim.o(i.TIM_OC1Init)
    i.TIM_OC1PreloadConfig                   0x080031b8   Section        0  stm32f4xx_tim.o(i.TIM_OC1PreloadConfig)
    i.TIM_OC2Init                            0x080031cc   Section        0  stm32f4xx_tim.o(i.TIM_OC2Init)
    i.TIM_OC2PreloadConfig                   0x08003270   Section        0  stm32f4xx_tim.o(i.TIM_OC2PreloadConfig)
    i.TIM_OC3Init                            0x0800328c   Section        0  stm32f4xx_tim.o(i.TIM_OC3Init)
    i.TIM_OC3PreloadConfig                   0x0800332c   Section        0  stm32f4xx_tim.o(i.TIM_OC3PreloadConfig)
    i.TIM_OC4Init                            0x08003340   Section        0  stm32f4xx_tim.o(i.TIM_OC4Init)
    i.TIM_OC4PreloadConfig                   0x080033b8   Section        0  stm32f4xx_tim.o(i.TIM_OC4PreloadConfig)
    i.TIM_Push_PWM_Init                      0x080033d2   Section        0  push.o(i.TIM_Push_PWM_Init)
    i.TIM_Push_PWM_Init4                     0x080033e8   Section        0  push.o(i.TIM_Push_PWM_Init4)
    i.TIM_Push_PWM_Init51                    0x080034d8   Section        0  push.o(i.TIM_Push_PWM_Init51)
    i.TIM_Push_PWM_Init52                    0x080035b8   Section        0  push.o(i.TIM_Push_PWM_Init52)
    i.TIM_Push_PWM_Init8                     0x08003660   Section        0  push.o(i.TIM_Push_PWM_Init8)
    i.TIM_SetCompare1                        0x0800374c   Section        0  stm32f4xx_tim.o(i.TIM_SetCompare1)
    i.TIM_SetCompare2                        0x08003764   Section        0  stm32f4xx_tim.o(i.TIM_SetCompare2)
    i.TIM_SetCompare3                        0x08003768   Section        0  stm32f4xx_tim.o(i.TIM_SetCompare3)
    i.TIM_SetCompare4                        0x08003780   Section        0  stm32f4xx_tim.o(i.TIM_SetCompare4)
    i.TIM_Steering_Engine_PWM_Init           0x08003798   Section        0  steering_engine.o(i.TIM_Steering_Engine_PWM_Init)
    i.TIM_TimeBaseInit                       0x080038a4   Section        0  stm32f4xx_tim.o(i.TIM_TimeBaseInit)
    i.UART5_IRQHandler                       0x08003928   Section        0  uart5.o(i.UART5_IRQHandler)
    i.USART_Cmd                              0x0800397c   Section        0  stm32f4xx_usart.o(i.USART_Cmd)
    i.USART_DMACmd                           0x08003994   Section        0  stm32f4xx_usart.o(i.USART_DMACmd)
    i.USART_DeInit                           0x080039a8   Section        0  stm32f4xx_usart.o(i.USART_DeInit)
    i.USART_GetFlagStatus                    0x08003a98   Section        0  stm32f4xx_usart.o(i.USART_GetFlagStatus)
    i.USART_GetITStatus                      0x08003ab2   Section        0  stm32f4xx_usart.o(i.USART_GetITStatus)
    i.USART_ITConfig                         0x08003b06   Section        0  stm32f4xx_usart.o(i.USART_ITConfig)
    i.USART_Init                             0x08003b50   Section        0  stm32f4xx_usart.o(i.USART_Init)
    i.USART_SendData                         0x08003c24   Section        0  stm32f4xx_usart.o(i.USART_SendData)
    i.UsageFault_Handler                     0x08003c2c   Section        0  stm32f4xx_it.o(i.UsageFault_Handler)
    i.Usart_SendByte                         0x08003c30   Section        0  bsp_debug_usart.o(i.Usart_SendByte)
    i.VPID_Init                              0x08003c4e   Section        0  speed_pid.o(i.VPID_Init)
    i.VPID_Init_All                          0x08003c64   Section        0  speed_pid.o(i.VPID_Init_All)
    i.__scatterload_copy                     0x08003ce0   Section       14  handlers.o(i.__scatterload_copy)
    i.__scatterload_null                     0x08003cee   Section        2  handlers.o(i.__scatterload_null)
    i.__scatterload_zeroinit                 0x08003cf0   Section       14  handlers.o(i.__scatterload_zeroinit)
    i.apid_card_realize                      0x08003d00   Section        0  angle_pid.o(i.apid_card_realize)
    i.apid_realize                           0x08003d5c   Section        0  angle_pid.o(i.apid_realize)
    i.caculate_linear_speed                  0x08003f78   Section        0  remote_code.o(i.caculate_linear_speed)
    caculate_linear_speed                    0x08003f79   Thumb Code   228  remote_code.o(i.caculate_linear_speed)
    i.caculate_rotational_speed              0x0800406c   Section        0  remote_code.o(i.caculate_rotational_speed)
    caculate_rotational_speed                0x0800406d   Thumb Code   234  remote_code.o(i.caculate_rotational_speed)
    i.card_speed_control                     0x0800416c   Section        0  kinematic.o(i.card_speed_control)
    i.chassic_speed_control                  0x080041c4   Section        0  kinematic.o(i.chassic_speed_control)
    i.delay_init                             0x08004378   Section        0  delay.o(i.delay_init)
    i.find_max                               0x080043b0   Section        0  algorithm.o(i.find_max)
    i.flip_speed_control                     0x08004414   Section        0  kinematic.o(i.flip_speed_control)
    i.handle_speed_control                   0x08004448   Section        0  kinematic.o(i.handle_speed_control)
    i.key_init                               0x08004464   Section        0  key.o(i.key_init)
    i.key_press                              0x08004494   Section        0  key.o(i.key_press)
    i.led_init                               0x080044d8   Section        0  led.o(i.led_init)
    i.limit_init_test                        0x08004518   Section        0  limit_switch.o(i.limit_init_test)
    i.main                                   0x08004548   Section        0  main.o(i.main)
    i.motor_init                             0x08004550   Section        0  motor.o(i.motor_init)
    i.power_close_all                        0x08004634   Section        0  power.o(i.power_close_all)
    i.power_init                             0x08004644   Section        0  power.o(i.power_init)
    i.record_motor_callback                  0x080046bc   Section        0  motor.o(i.record_motor_callback)
    i.set_belt_current                       0x08004760   Section        0  motor.o(i.set_belt_current)
    i.set_chassis_current                    0x080047ac   Section        0  motor.o(i.set_chassis_current)
    i.set_flip_current                       0x08004838   Section        0  motor.o(i.set_flip_current)
    i.set_handle_current                     0x08004884   Section        0  motor.o(i.set_handle_current)
    i.set_resuce_current                     0x080048b0   Section        0  motor.o(i.set_resuce_current)
    i.set_resucecard_current                 0x080048fc   Section        0  motor.o(i.set_resucecard_current)
    i.set_steering_gear_angle                0x08004928   Section        0  steering_engine.o(i.set_steering_gear_angle)
    i.set_steering_gear_angle_repeat         0x080049dc   Section        0  steering_engine.o(i.set_steering_gear_angle_repeat)
    i.set_steering_gear_dutyfactor           0x08004a90   Section        0  steering_engine.o(i.set_steering_gear_dutyfactor)
    i.set_steering_gear_dutyfactor_repeat    0x08004b34   Section        0  steering_engine.o(i.set_steering_gear_dutyfactor_repeat)
    i.vpid_belt_realize                      0x08004bd0   Section        0  speed_pid.o(i.vpid_belt_realize)
    i.vpid_card_realize                      0x08004c3c   Section        0  speed_pid.o(i.vpid_card_realize)
    i.vpid_chassic_realize                   0x08004c84   Section        0  speed_pid.o(i.vpid_chassic_realize)
    i.vpid_flip_realize                      0x08004d3c   Section        0  speed_pid.o(i.vpid_flip_realize)
    i.vpid_handle_realize                    0x08004d94   Section        0  speed_pid.o(i.vpid_handle_realize)
    i.vpid_realize                           0x08004ddc   Section        0  speed_pid.o(i.vpid_realize)
    i.vpid_resuce_realize                    0x080052b0   Section        0  speed_pid.o(i.vpid_resuce_realize)
    .data                                    0x20000000   Section       16  stm32f4xx_rcc.o(.data)
    APBAHBPrescTable                         0x20000000   Data          16  stm32f4xx_rcc.o(.data)
    .data                                    0x20000010   Section       24  stm32f4xx_tim.o(.data)
    .data                                    0x20000028   Section        4  main.o(.data)
    time_count                               0x20000028   Data           4  main.o(.data)
    .data                                    0x2000002c   Section        8  stm32f4xx_it.o(.data)
    .data                                    0x20000034   Section       48  remote_code.o(.data)
    .data                                    0x20000064   Section       24  kinematic.o(.data)
    .data                                    0x2000007c   Section       12  speed_pid.o(.data)
    .data                                    0x20000088   Section       32  tim3_events.o(.data)
    key_flag                                 0x200000a4   Data           4  tim3_events.o(.data)
    .data                                    0x200000a8   Section       64  motor.o(.data)
    temp_speed1                              0x200000c0   Data           4  motor.o(.data)
    temp_speed2                              0x200000c4   Data           4  motor.o(.data)
    temp_speed3                              0x200000c8   Data           4  motor.o(.data)
    temp_angle1                              0x200000cc   Data           4  motor.o(.data)
    temp_angle2                              0x200000d0   Data           4  motor.o(.data)
    temp_angle3                              0x200000d4   Data           4  motor.o(.data)
    maxangle                                 0x200000d8   Data           4  motor.o(.data)
    minangle                                 0x200000dc   Data           4  motor.o(.data)
    maxspeed                                 0x200000e0   Data           4  motor.o(.data)
    minspeed                                 0x200000e4   Data           4  motor.o(.data)
    .data                                    0x200000e8   Section        4  steering_engine.o(.data)
    .data                                    0x200000ec   Section        4  delay.o(.data)
    fac_us                                   0x200000ec   Data           1  delay.o(.data)
    fac_ms                                   0x200000ee   Data           2  delay.o(.data)
    .data                                    0x200000f0   Section       44  encoder.o(.data)
    .data                                    0x2000011c   Section        4  uart5.o(.data)
    .data                                    0x20000120   Section        6  key.o(.data)
    key_state                                0x20000124   Data           1  key.o(.data)
    key_last_state                           0x20000125   Data           1  key.o(.data)
    .data                                    0x20000126   Section       34  bsp_dbus.o(.data)
    .bss                                     0x20000148   Section       16  my_init.o(.bss)
    .bss                                     0x20000158   Section      180  kinematic.o(.bss)
    .bss                                     0x2000020c   Section      144  speed_pid.o(.bss)
    .bss                                     0x2000029c   Section     2128  motor.o(.bss)
    .bss                                     0x20000aec   Section      260  uart5.o(.bss)
    .bss                                     0x20000bf0   Section       25  bsp_dbus.o(.bss)
    STACK                                    0x20000c10   Section     4096  startup_stm32f427_437xx.o(STACK)

    Global Symbols

    Symbol Name                              Value     Ov Type        Size  Object(Section)

    BuildAttributes$$THM_ISAv4$E$P$D$K$B$S$7EM$VFPi3$EXTD16$VFPS$VFMA$PE$A:L22UL41UL21$X:L11$S22US41US21$IEEE1$IW$USESV6$~STKCKD$USESV7$~SHL$OTIME$ROPI$EBA8$MICROLIB$REQ8$PRES8$EABIv2 0x00000000   Number         0  anon$$obj.o ABSOLUTE
    __ARM_use_no_argv                        0x00000000   Number         0  main.o ABSOLUTE
    __cpp_initialize__aeabi_                  - Undefined Weak Reference
    __cxa_finalize                            - Undefined Weak Reference
    _clock_init                               - Undefined Weak Reference
    _microlib_exit                            - Undefined Weak Reference
    __Vectors_Size                           0x000001ac   Number         0  startup_stm32f427_437xx.o ABSOLUTE
    __Vectors                                0x08000000   Data           4  startup_stm32f427_437xx.o(RESET)
    __Vectors_End                            0x080001ac   Data           0  startup_stm32f427_437xx.o(RESET)
    __main                                   0x080001ad   Thumb Code     0  entry.o(.ARM.Collect$$$$00000000)
    _main_stk                                0x080001ad   Thumb Code     0  entry2.o(.ARM.Collect$$$$00000001)
    _main_scatterload                        0x080001b1   Thumb Code     0  entry5.o(.ARM.Collect$$$$00000004)
    __main_after_scatterload                 0x080001b5   Thumb Code     0  entry5.o(.ARM.Collect$$$$00000004)
    _main_clock                              0x080001b5   Thumb Code     0  entry7b.o(.ARM.Collect$$$$00000008)
    _main_cpp_init                           0x080001b5   Thumb Code     0  entry8b.o(.ARM.Collect$$$$0000000A)
    _main_init                               0x080001b5   Thumb Code     0  entry9a.o(.ARM.Collect$$$$0000000B)
    __rt_final_cpp                           0x080001bd   Thumb Code     0  entry10a.o(.ARM.Collect$$$$0000000D)
    __rt_final_exit                          0x080001bd   Thumb Code     0  entry11a.o(.ARM.Collect$$$$0000000F)
    Reset_Handler                            0x080001c1   Thumb Code     8  startup_stm32f427_437xx.o(.text)
    SVC_Handler                              0x080001d3   Thumb Code     2  startup_stm32f427_437xx.o(.text)
    PendSV_Handler                           0x080001d7   Thumb Code     2  startup_stm32f427_437xx.o(.text)
    SysTick_Handler                          0x080001d9   Thumb Code     2  startup_stm32f427_437xx.o(.text)
    ADC_IRQHandler                           0x080001db   Thumb Code     0  startup_stm32f427_437xx.o(.text)
    CAN1_RX1_IRQHandler                      0x080001db   Thumb Code     0  startup_stm32f427_437xx.o(.text)
    CAN1_SCE_IRQHandler                      0x080001db   Thumb Code     0  startup_stm32f427_437xx.o(.text)
    CAN1_TX_IRQHandler                       0x080001db   Thumb Code     0  startup_stm32f427_437xx.o(.text)
    CAN2_RX1_IRQHandler                      0x080001db   Thumb Code     0  startup_stm32f427_437xx.o(.text)
    CAN2_SCE_IRQHandler                      0x080001db   Thumb Code     0  startup_stm32f427_437xx.o(.text)
    CAN2_TX_IRQHandler                       0x080001db   Thumb Code     0  startup_stm32f427_437xx.o(.text)
    CRYP_IRQHandler                          0x080001db   Thumb Code     0  startup_stm32f427_437xx.o(.text)
    DCMI_IRQHandler                          0x080001db   Thumb Code     0  startup_stm32f427_437xx.o(.text)
    DMA1_Stream0_IRQHandler                  0x080001db   Thumb Code     0  startup_stm32f427_437xx.o(.text)
    DMA1_Stream1_IRQHandler                  0x080001db   Thumb Code     0  startup_stm32f427_437xx.o(.text)
    DMA1_Stream2_IRQHandler                  0x080001db   Thumb Code     0  startup_stm32f427_437xx.o(.text)
    DMA1_Stream3_IRQHandler                  0x080001db   Thumb Code     0  startup_stm32f427_437xx.o(.text)
    DMA1_Stream4_IRQHandler                  0x080001db   Thumb Code     0  startup_stm32f427_437xx.o(.text)
    DMA1_Stream5_IRQHandler                  0x080001db   Thumb Code     0  startup_stm32f427_437xx.o(.text)
    DMA1_Stream6_IRQHandler                  0x080001db   Thumb Code     0  startup_stm32f427_437xx.o(.text)
    DMA1_Stream7_IRQHandler                  0x080001db   Thumb Code     0  startup_stm32f427_437xx.o(.text)
    DMA2D_IRQHandler                         0x080001db   Thumb Code     0  startup_stm32f427_437xx.o(.text)
    DMA2_Stream0_IRQHandler                  0x080001db   Thumb Code     0  startup_stm32f427_437xx.o(.text)
    DMA2_Stream1_IRQHandler                  0x080001db   Thumb Code     0  startup_stm32f427_437xx.o(.text)
    DMA2_Stream2_IRQHandler                  0x080001db   Thumb Code     0  startup_stm32f427_437xx.o(.text)
    DMA2_Stream3_IRQHandler                  0x080001db   Thumb Code     0  startup_stm32f427_437xx.o(.text)
    DMA2_Stream4_IRQHandler                  0x080001db   Thumb Code     0  startup_stm32f427_437xx.o(.text)
    DMA2_Stream6_IRQHandler                  0x080001db   Thumb Code     0  startup_stm32f427_437xx.o(.text)
    DMA2_Stream7_IRQHandler                  0x080001db   Thumb Code     0  startup_stm32f427_437xx.o(.text)
    ETH_IRQHandler                           0x080001db   Thumb Code     0  startup_stm32f427_437xx.o(.text)
    ETH_WKUP_IRQHandler                      0x080001db   Thumb Code     0  startup_stm32f427_437xx.o(.text)
    EXTI0_IRQHandler                         0x080001db   Thumb Code     0  startup_stm32f427_437xx.o(.text)
    EXTI15_10_IRQHandler                     0x080001db   Thumb Code     0  startup_stm32f427_437xx.o(.text)
    EXTI1_IRQHandler                         0x080001db   Thumb Code     0  startup_stm32f427_437xx.o(.text)
    EXTI4_IRQHandler                         0x080001db   Thumb Code     0  startup_stm32f427_437xx.o(.text)
    EXTI9_5_IRQHandler                       0x080001db   Thumb Code     0  startup_stm32f427_437xx.o(.text)
    FLASH_IRQHandler                         0x080001db   Thumb Code     0  startup_stm32f427_437xx.o(.text)
    FMC_IRQHandler                           0x080001db   Thumb Code     0  startup_stm32f427_437xx.o(.text)
    FPU_IRQHandler                           0x080001db   Thumb Code     0  startup_stm32f427_437xx.o(.text)
    HASH_RNG_IRQHandler                      0x080001db   Thumb Code     0  startup_stm32f427_437xx.o(.text)
    I2C1_ER_IRQHandler                       0x080001db   Thumb Code     0  startup_stm32f427_437xx.o(.text)
    I2C1_EV_IRQHandler                       0x080001db   Thumb Code     0  startup_stm32f427_437xx.o(.text)
    I2C2_ER_IRQHandler                       0x080001db   Thumb Code     0  startup_stm32f427_437xx.o(.text)
    I2C2_EV_IRQHandler                       0x080001db   Thumb Code     0  startup_stm32f427_437xx.o(.text)
    I2C3_ER_IRQHandler                       0x080001db   Thumb Code     0  startup_stm32f427_437xx.o(.text)
    I2C3_EV_IRQHandler                       0x080001db   Thumb Code     0  startup_stm32f427_437xx.o(.text)
    OTG_FS_IRQHandler                        0x080001db   Thumb Code     0  startup_stm32f427_437xx.o(.text)
    OTG_FS_WKUP_IRQHandler                   0x080001db   Thumb Code     0  startup_stm32f427_437xx.o(.text)
    OTG_HS_EP1_IN_IRQHandler                 0x080001db   Thumb Code     0  startup_stm32f427_437xx.o(.text)
    OTG_HS_EP1_OUT_IRQHandler                0x080001db   Thumb Code     0  startup_stm32f427_437xx.o(.text)
    OTG_HS_IRQHandler                        0x080001db   Thumb Code     0  startup_stm32f427_437xx.o(.text)
    OTG_HS_WKUP_IRQHandler                   0x080001db   Thumb Code     0  startup_stm32f427_437xx.o(.text)
    PVD_IRQHandler                           0x080001db   Thumb Code     0  startup_stm32f427_437xx.o(.text)
    RCC_IRQHandler                           0x080001db   Thumb Code     0  startup_stm32f427_437xx.o(.text)
    RTC_Alarm_IRQHandler                     0x080001db   Thumb Code     0  startup_stm32f427_437xx.o(.text)
    RTC_WKUP_IRQHandler                      0x080001db   Thumb Code     0  startup_stm32f427_437xx.o(.text)
    SAI1_IRQHandler                          0x080001db   Thumb Code     0  startup_stm32f427_437xx.o(.text)
    SDIO_IRQHandler                          0x080001db   Thumb Code     0  startup_stm32f427_437xx.o(.text)
    SPI1_IRQHandler                          0x080001db   Thumb Code     0  startup_stm32f427_437xx.o(.text)
    SPI2_IRQHandler                          0x080001db   Thumb Code     0  startup_stm32f427_437xx.o(.text)
    SPI3_IRQHandler                          0x080001db   Thumb Code     0  startup_stm32f427_437xx.o(.text)
    SPI4_IRQHandler                          0x080001db   Thumb Code     0  startup_stm32f427_437xx.o(.text)
    SPI5_IRQHandler                          0x080001db   Thumb Code     0  startup_stm32f427_437xx.o(.text)
    SPI6_IRQHandler                          0x080001db   Thumb Code     0  startup_stm32f427_437xx.o(.text)
    TAMP_STAMP_IRQHandler                    0x080001db   Thumb Code     0  startup_stm32f427_437xx.o(.text)
    TIM1_BRK_TIM9_IRQHandler                 0x080001db   Thumb Code     0  startup_stm32f427_437xx.o(.text)
    TIM1_CC_IRQHandler                       0x080001db   Thumb Code     0  startup_stm32f427_437xx.o(.text)
    TIM1_TRG_COM_TIM11_IRQHandler            0x080001db   Thumb Code     0  startup_stm32f427_437xx.o(.text)
    TIM1_UP_TIM10_IRQHandler                 0x080001db   Thumb Code     0  startup_stm32f427_437xx.o(.text)
    TIM5_IRQHandler                          0x080001db   Thumb Code     0  startup_stm32f427_437xx.o(.text)
    TIM6_DAC_IRQHandler                      0x080001db   Thumb Code     0  startup_stm32f427_437xx.o(.text)
    TIM7_IRQHandler                          0x080001db   Thumb Code     0  startup_stm32f427_437xx.o(.text)
    TIM8_BRK_TIM12_IRQHandler                0x080001db   Thumb Code     0  startup_stm32f427_437xx.o(.text)
    TIM8_CC_IRQHandler                       0x080001db   Thumb Code     0  startup_stm32f427_437xx.o(.text)
    TIM8_TRG_COM_TIM14_IRQHandler            0x080001db   Thumb Code     0  startup_stm32f427_437xx.o(.text)
    TIM8_UP_TIM13_IRQHandler                 0x080001db   Thumb Code     0  startup_stm32f427_437xx.o(.text)
    UART4_IRQHandler                         0x080001db   Thumb Code     0  startup_stm32f427_437xx.o(.text)
    UART7_IRQHandler                         0x080001db   Thumb Code     0  startup_stm32f427_437xx.o(.text)
    UART8_IRQHandler                         0x080001db   Thumb Code     0  startup_stm32f427_437xx.o(.text)
    USART1_IRQHandler                        0x080001db   Thumb Code     0  startup_stm32f427_437xx.o(.text)
    USART2_IRQHandler                        0x080001db   Thumb Code     0  startup_stm32f427_437xx.o(.text)
    USART3_IRQHandler                        0x080001db   Thumb Code     0  startup_stm32f427_437xx.o(.text)
    USART6_IRQHandler                        0x080001db   Thumb Code     0  startup_stm32f427_437xx.o(.text)
    WWDG_IRQHandler                          0x080001db   Thumb Code     0  startup_stm32f427_437xx.o(.text)
    __aeabi_memset                           0x080001e5   Thumb Code    14  memseta.o(.text)
    __aeabi_memset4                          0x080001e5   Thumb Code     0  memseta.o(.text)
    __aeabi_memset8                          0x080001e5   Thumb Code     0  memseta.o(.text)
    __aeabi_memclr                           0x080001f3   Thumb Code     4  memseta.o(.text)
    __aeabi_memclr4                          0x080001f3   Thumb Code     0  memseta.o(.text)
    __aeabi_memclr8                          0x080001f3   Thumb Code     0  memseta.o(.text)
    _memset$wrapper                          0x080001f7   Thumb Code    18  memseta.o(.text)
    __aeabi_dadd                             0x08000209   Thumb Code   322  dadd.o(.text)
    __aeabi_dsub                             0x0800034b   Thumb Code     6  dadd.o(.text)
    __aeabi_drsub                            0x08000351   Thumb Code     6  dadd.o(.text)
    __aeabi_dmul                             0x08000357   Thumb Code   228  dmul.o(.text)
    __aeabi_ddiv                             0x0800043b   Thumb Code   222  ddiv.o(.text)
    __aeabi_i2d                              0x08000519   Thumb Code    34  dflti.o(.text)
    __aeabi_ui2d                             0x0800053b   Thumb Code    26  dfltui.o(.text)
    __aeabi_d2iz                             0x08000555   Thumb Code    62  dfixi.o(.text)
    __aeabi_d2uiz                            0x08000593   Thumb Code    50  dfixui.o(.text)
    __aeabi_f2d                              0x080005c5   Thumb Code    38  f2d.o(.text)
    __aeabi_cdcmpeq                          0x080005ed   Thumb Code     0  cdcmple.o(.text)
    __aeabi_cdcmple                          0x080005ed   Thumb Code    48  cdcmple.o(.text)
    __aeabi_cdrcmple                         0x0800061d   Thumb Code    48  cdrcmple.o(.text)
    __aeabi_d2f                              0x0800064d   Thumb Code    56  d2f.o(.text)
    __aeabi_llsl                             0x08000685   Thumb Code    30  llshl.o(.text)
    _ll_shift_l                              0x08000685   Thumb Code     0  llshl.o(.text)
    __aeabi_llsr                             0x080006a3   Thumb Code    32  llushr.o(.text)
    _ll_ushift_r                             0x080006a3   Thumb Code     0  llushr.o(.text)
    __aeabi_lasr                             0x080006c3   Thumb Code    36  llsshr.o(.text)
    _ll_sshift_r                             0x080006c3   Thumb Code     0  llsshr.o(.text)
    __I$use$fp                               0x080006e7   Thumb Code     0  iusefp.o(.text)
    _float_round                             0x080006e7   Thumb Code    18  fepilogue.o(.text)
    _float_epilogue                          0x080006f9   Thumb Code    92  fepilogue.o(.text)
    _double_round                            0x08000755   Thumb Code    30  depilogue.o(.text)
    _double_epilogue                         0x08000773   Thumb Code   156  depilogue.o(.text)
    __scatterload                            0x08000811   Thumb Code    28  init.o(.text)
    __scatterload_rt2                        0x08000811   Thumb Code     0  init.o(.text)
    __decompress                             0x08000835   Thumb Code     0  __dczerorl2.o(.text)
    __decompress1                            0x08000835   Thumb Code    86  __dczerorl2.o(.text)
    APID_Init                                0x0800088b   Thumb Code    22  angle_pid.o(i.APID_Init)
    APID_Init_All                            0x080008a1   Thumb Code    52  angle_pid.o(i.APID_Init_All)
    All_Init                                 0x080008f5   Thumb Code   338  my_init.o(i.All_Init)
    BaseVel_To_WheelVel                      0x08000a85   Thumb Code   234  kinematic.o(i.BaseVel_To_WheelVel)
    BusFault_Handler                         0x08000b8d   Thumb Code     4  stm32f4xx_it.o(i.BusFault_Handler)
    CAN1_Config                              0x08000b91   Thumb Code    20  can.o(i.CAN1_Config)
    CAN1_RX0_IRQHandler                      0x08000cc9   Thumb Code   348  stm32f4xx_it.o(i.CAN1_RX0_IRQHandler)
    CAN1_Send_CHASSIS_Msg                    0x08000e4d   Thumb Code   106  can.o(i.CAN1_Send_CHASSIS_Msg)
    CAN1_Send_flip_Msg                       0x08000ebd   Thumb Code   136  can.o(i.CAN1_Send_flip_Msg)
    CAN1_Send_handle_Msg                     0x08000f4d   Thumb Code   134  can.o(i.CAN1_Send_handle_Msg)
    CAN2_Config                              0x08000fdd   Thumb Code    20  can.o(i.CAN2_Config)
    CAN2_RX0_IRQHandler                      0x08001119   Thumb Code   348  stm32f4xx_it.o(i.CAN2_RX0_IRQHandler)
    CAN2_Send_belt_Msg                       0x0800129d   Thumb Code   106  can.o(i.CAN2_Send_belt_Msg)
    CAN2_Send_resuce_Msg                     0x0800130d   Thumb Code   106  can.o(i.CAN2_Send_resuce_Msg)
    CAN2_Send_resucecard_Msg                 0x0800137d   Thumb Code   106  can.o(i.CAN2_Send_resucecard_Msg)
    CAN_DeInit                               0x080013ed   Thumb Code    50  stm32f4xx_can.o(i.CAN_DeInit)
    CAN_FilterInit                           0x08001425   Thumb Code   258  stm32f4xx_can.o(i.CAN_FilterInit)
    CAN_ITConfig                             0x0800152d   Thumb Code    18  stm32f4xx_can.o(i.CAN_ITConfig)
    CAN_Init                                 0x0800153f   Thumb Code   276  stm32f4xx_can.o(i.CAN_Init)
    CAN_Receive                              0x08001653   Thumb Code   240  stm32f4xx_can.o(i.CAN_Receive)
    CAN_StructInit                           0x08001743   Thumb Code    32  stm32f4xx_can.o(i.CAN_StructInit)
    CAN_Transmit                             0x08001763   Thumb Code   294  stm32f4xx_can.o(i.CAN_Transmit)
    CAN_TransmitStatus                       0x08001889   Thumb Code   138  stm32f4xx_can.o(i.CAN_TransmitStatus)
    DMA2_Stream5_IRQHandler                  0x08001929   Thumb Code   300  bsp_dbus.o(i.DMA2_Stream5_IRQHandler)
    DMA_ClearFlag                            0x08001a6d   Thumb Code    38  stm32f4xx_dma.o(i.DMA_ClearFlag)
    DMA_ClearITPendingBit                    0x08001aa1   Thumb Code    38  stm32f4xx_dma.o(i.DMA_ClearITPendingBit)
    DMA_Cmd                                  0x08001ad5   Thumb Code    22  stm32f4xx_dma.o(i.DMA_Cmd)
    DMA_DeInit                               0x08001aed   Thumb Code   324  stm32f4xx_dma.o(i.DMA_DeInit)
    DMA_GetCurrDataCounter                   0x08001c45   Thumb Code     8  stm32f4xx_dma.o(i.DMA_GetCurrDataCounter)
    DMA_GetITStatus                          0x08001c4d   Thumb Code    82  stm32f4xx_dma.o(i.DMA_GetITStatus)
    DMA_ITConfig                             0x08001cb1   Thumb Code    58  stm32f4xx_dma.o(i.DMA_ITConfig)
    DMA_Init                                 0x08001ced   Thumb Code    82  stm32f4xx_dma.o(i.DMA_Init)
    DebugMon_Handler                         0x08001d45   Thumb Code     2  stm32f4xx_it.o(i.DebugMon_Handler)
    Debug_Key                                0x08001d49   Thumb Code    56  tim3_events.o(i.Debug_Key)
    Debug_USART_Config                       0x08001d89   Thumb Code   182  bsp_debug_usart.o(i.Debug_USART_Config)
    Dji_Remote_Init                          0x08001e49   Thumb Code   256  bsp_dbus.o(i.Dji_Remote_Init)
    EXTI2_IRQHandler                         0x08001f61   Thumb Code   162  stm32f4xx_it.o(i.EXTI2_IRQHandler)
    EXTI3_IRQHandler                         0x08002011   Thumb Code   162  stm32f4xx_it.o(i.EXTI3_IRQHandler)
    EXTI_ClearITPendingBit                   0x080020c1   Thumb Code     6  stm32f4xx_exti.o(i.EXTI_ClearITPendingBit)
    EXTI_GetITStatus                         0x080020cd   Thumb Code    20  stm32f4xx_exti.o(i.EXTI_GetITStatus)
    GPIO_Init                                0x080020e5   Thumb Code   144  stm32f4xx_gpio.o(i.GPIO_Init)
    GPIO_PinAFConfig                         0x08002175   Thumb Code    70  stm32f4xx_gpio.o(i.GPIO_PinAFConfig)
    GPIO_ResetBits                           0x080021bb   Thumb Code     4  stm32f4xx_gpio.o(i.GPIO_ResetBits)
    GPIO_SetBits                             0x080021bf   Thumb Code     4  stm32f4xx_gpio.o(i.GPIO_SetBits)
    Get_Base_Velocities                      0x080021c5   Thumb Code   278  kinematic.o(i.Get_Base_Velocities)
    HardFault_Handler                        0x080022f9   Thumb Code     4  stm32f4xx_it.o(i.HardFault_Handler)
    MY_NVIC_SetVectorTable                   0x080022fd   Thumb Code    12  sys.o(i.MY_NVIC_SetVectorTable)
    MemManage_Handler                        0x0800230d   Thumb Code     4  stm32f4xx_it.o(i.MemManage_Handler)
    NMI_Handler                              0x08002311   Thumb Code     2  stm32f4xx_it.o(i.NMI_Handler)
    NVIC_Init                                0x08002315   Thumb Code   106  misc.o(i.NVIC_Init)
    NVIC_PriorityGroupConfig                 0x0800238d   Thumb Code    10  misc.o(i.NVIC_PriorityGroupConfig)
    Push_Init                                0x080023a1   Thumb Code   172  push.o(i.Push_Init)
    RCC_AHB1PeriphClockCmd                   0x08002455   Thumb Code    26  stm32f4xx_rcc.o(i.RCC_AHB1PeriphClockCmd)
    RCC_APB1PeriphClockCmd                   0x08002475   Thumb Code    26  stm32f4xx_rcc.o(i.RCC_APB1PeriphClockCmd)
    RCC_APB1PeriphResetCmd                   0x08002495   Thumb Code    26  stm32f4xx_rcc.o(i.RCC_APB1PeriphResetCmd)
    RCC_APB2PeriphClockCmd                   0x080024b5   Thumb Code    26  stm32f4xx_rcc.o(i.RCC_APB2PeriphClockCmd)
    RCC_APB2PeriphResetCmd                   0x080024d5   Thumb Code    26  stm32f4xx_rcc.o(i.RCC_APB2PeriphResetCmd)
    RCC_GetClocksFreq                        0x080024f5   Thumb Code   214  stm32f4xx_rcc.o(i.RCC_GetClocksFreq)
    Remote_Control                           0x080025dd   Thumb Code  1204  remote_code.o(i.Remote_Control)
    Robo_Move                                0x08002aa1   Thumb Code   322  tim3_events.o(i.Robo_Move)
    Stm32_Clock_Init                         0x08002d11   Thumb Code    90  sys.o(i.Stm32_Clock_Init)
    Sys_Clock_Set                            0x08002d79   Thumb Code   254  sys.o(i.Sys_Clock_Set)
    SystemInit                               0x08002e85   Thumb Code    88  system_stm32f4xx.o(i.SystemInit)
    TIM2_IRQHandler                          0x08002eed   Thumb Code    58  encoder.o(i.TIM2_IRQHandler)
    TIM3_IRQHandler                          0x08002f2d   Thumb Code   156  main.o(i.TIM3_IRQHandler)
    TIM3_Int_Init                            0x08002fd5   Thumb Code    78  timer.o(i.TIM3_Int_Init)
    TIM4_IRQHandler                          0x08003029   Thumb Code   118  main.o(i.TIM4_IRQHandler)
    TIM_ARRPreloadConfig                     0x080030b5   Thumb Code    24  stm32f4xx_tim.o(i.TIM_ARRPreloadConfig)
    TIM_ClearITPendingBit                    0x080030cd   Thumb Code     6  stm32f4xx_tim.o(i.TIM_ClearITPendingBit)
    TIM_Cmd                                  0x080030d3   Thumb Code    24  stm32f4xx_tim.o(i.TIM_Cmd)
    TIM_CtrlPWMOutputs                       0x080030eb   Thumb Code    30  stm32f4xx_tim.o(i.TIM_CtrlPWMOutputs)
    TIM_GetITStatus                          0x08003109   Thumb Code    34  stm32f4xx_tim.o(i.TIM_GetITStatus)
    TIM_ITConfig                             0x0800312b   Thumb Code    18  stm32f4xx_tim.o(i.TIM_ITConfig)
    TIM_OC1Init                              0x0800313d   Thumb Code   114  stm32f4xx_tim.o(i.TIM_OC1Init)
    TIM_OC1PreloadConfig                     0x080031b9   Thumb Code    18  stm32f4xx_tim.o(i.TIM_OC1PreloadConfig)
    TIM_OC2Init                              0x080031cd   Thumb Code   154  stm32f4xx_tim.o(i.TIM_OC2Init)
    TIM_OC2PreloadConfig                     0x08003271   Thumb Code    26  stm32f4xx_tim.o(i.TIM_OC2PreloadConfig)
    TIM_OC3Init                              0x0800328d   Thumb Code   150  stm32f4xx_tim.o(i.TIM_OC3Init)
    TIM_OC3PreloadConfig                     0x0800332d   Thumb Code    18  stm32f4xx_tim.o(i.TIM_OC3PreloadConfig)
    TIM_OC4Init                              0x08003341   Thumb Code   112  stm32f4xx_tim.o(i.TIM_OC4Init)
    TIM_OC4PreloadConfig                     0x080033b9   Thumb Code    26  stm32f4xx_tim.o(i.TIM_OC4PreloadConfig)
    TIM_Push_PWM_Init                        0x080033d3   Thumb Code    20  push.o(i.TIM_Push_PWM_Init)
    TIM_Push_PWM_Init4                       0x080033e9   Thumb Code   230  push.o(i.TIM_Push_PWM_Init4)
    TIM_Push_PWM_Init51                      0x080034d9   Thumb Code   214  push.o(i.TIM_Push_PWM_Init51)
    TIM_Push_PWM_Init52                      0x080035b9   Thumb Code   160  push.o(i.TIM_Push_PWM_Init52)
    TIM_Push_PWM_Init8                       0x08003661   Thumb Code   228  push.o(i.TIM_Push_PWM_Init8)
    TIM_SetCompare1                          0x0800374d   Thumb Code    14  stm32f4xx_tim.o(i.TIM_SetCompare1)
    TIM_SetCompare2                          0x08003765   Thumb Code     4  stm32f4xx_tim.o(i.TIM_SetCompare2)
    TIM_SetCompare3                          0x08003769   Thumb Code    14  stm32f4xx_tim.o(i.TIM_SetCompare3)
    TIM_SetCompare4                          0x08003781   Thumb Code    14  stm32f4xx_tim.o(i.TIM_SetCompare4)
    TIM_Steering_Engine_PWM_Init             0x08003799   Thumb Code   264  steering_engine.o(i.TIM_Steering_Engine_PWM_Init)
    TIM_TimeBaseInit                         0x080038a5   Thumb Code   104  stm32f4xx_tim.o(i.TIM_TimeBaseInit)
    UART5_IRQHandler                         0x08003929   Thumb Code    68  uart5.o(i.UART5_IRQHandler)
    USART_Cmd                                0x0800397d   Thumb Code    24  stm32f4xx_usart.o(i.USART_Cmd)
    USART_DMACmd                             0x08003995   Thumb Code    18  stm32f4xx_usart.o(i.USART_DMACmd)
    USART_DeInit                             0x080039a9   Thumb Code   206  stm32f4xx_usart.o(i.USART_DeInit)
    USART_GetFlagStatus                      0x08003a99   Thumb Code    26  stm32f4xx_usart.o(i.USART_GetFlagStatus)
    USART_GetITStatus                        0x08003ab3   Thumb Code    84  stm32f4xx_usart.o(i.USART_GetITStatus)
    USART_ITConfig                           0x08003b07   Thumb Code    74  stm32f4xx_usart.o(i.USART_ITConfig)
    USART_Init                               0x08003b51   Thumb Code   204  stm32f4xx_usart.o(i.USART_Init)
    USART_SendData                           0x08003c25   Thumb Code     8  stm32f4xx_usart.o(i.USART_SendData)
    UsageFault_Handler                       0x08003c2d   Thumb Code     4  stm32f4xx_it.o(i.UsageFault_Handler)
    Usart_SendByte                           0x08003c31   Thumb Code    30  bsp_debug_usart.o(i.Usart_SendByte)
    VPID_Init                                0x08003c4f   Thumb Code    22  speed_pid.o(i.VPID_Init)
    VPID_Init_All                            0x08003c65   Thumb Code    76  speed_pid.o(i.VPID_Init_All)
    __scatterload_copy                       0x08003ce1   Thumb Code    14  handlers.o(i.__scatterload_copy)
    __scatterload_null                       0x08003cef   Thumb Code     2  handlers.o(i.__scatterload_null)
    __scatterload_zeroinit                   0x08003cf1   Thumb Code    14  handlers.o(i.__scatterload_zeroinit)
    apid_card_realize                        0x08003d01   Thumb Code    82  angle_pid.o(i.apid_card_realize)
    apid_realize                             0x08003d5d   Thumb Code   526  angle_pid.o(i.apid_realize)
    card_speed_control                       0x0800416d   Thumb Code    66  kinematic.o(i.card_speed_control)
    chassic_speed_control                    0x080041c5   Thumb Code   404  kinematic.o(i.chassic_speed_control)
    delay_init                               0x08004379   Thumb Code    46  delay.o(i.delay_init)
    find_max                                 0x080043b1   Thumb Code    98  algorithm.o(i.find_max)
    flip_speed_control                       0x08004415   Thumb Code    42  kinematic.o(i.flip_speed_control)
    handle_speed_control                     0x08004449   Thumb Code    24  kinematic.o(i.handle_speed_control)
    key_init                                 0x08004465   Thumb Code    42  key.o(i.key_init)
    key_press                                0x08004495   Thumb Code    56  key.o(i.key_press)
    led_init                                 0x080044d9   Thumb Code    60  led.o(i.led_init)
    limit_init_test                          0x08004519   Thumb Code    42  limit_switch.o(i.limit_init_test)
    main                                     0x08004549   Thumb Code     8  main.o(i.main)
    motor_init                               0x08004551   Thumb Code   200  motor.o(i.motor_init)
    power_close_all                          0x08004635   Thumb Code    12  power.o(i.power_close_all)
    power_init                               0x08004645   Thumb Code   112  power.o(i.power_init)
    record_motor_callback                    0x080046bd   Thumb Code   156  motor.o(i.record_motor_callback)
    set_belt_current                         0x08004761   Thumb Code    66  motor.o(i.set_belt_current)
    set_chassis_current                      0x080047ad   Thumb Code   122  motor.o(i.set_chassis_current)
    set_flip_current                         0x08004839   Thumb Code    66  motor.o(i.set_flip_current)
    set_handle_current                       0x08004885   Thumb Code    38  motor.o(i.set_handle_current)
    set_resuce_current                       0x080048b1   Thumb Code    66  motor.o(i.set_resuce_current)
    set_resucecard_current                   0x080048fd   Thumb Code    38  motor.o(i.set_resucecard_current)
    set_steering_gear_angle                  0x08004929   Thumb Code   132  steering_engine.o(i.set_steering_gear_angle)
    set_steering_gear_angle_repeat           0x080049dd   Thumb Code   132  steering_engine.o(i.set_steering_gear_angle_repeat)
    set_steering_gear_dutyfactor             0x08004a91   Thumb Code   144  steering_engine.o(i.set_steering_gear_dutyfactor)
    set_steering_gear_dutyfactor_repeat      0x08004b35   Thumb Code   140  steering_engine.o(i.set_steering_gear_dutyfactor_repeat)
    vpid_belt_realize                        0x08004bd1   Thumb Code    96  speed_pid.o(i.vpid_belt_realize)
    vpid_card_realize                        0x08004c3d   Thumb Code    62  speed_pid.o(i.vpid_card_realize)
    vpid_chassic_realize                     0x08004c85   Thumb Code   164  speed_pid.o(i.vpid_chassic_realize)
    vpid_flip_realize                        0x08004d3d   Thumb Code    76  speed_pid.o(i.vpid_flip_realize)
    vpid_handle_realize                      0x08004d95   Thumb Code    62  speed_pid.o(i.vpid_handle_realize)
    vpid_realize                             0x08004ddd   Thumb Code  1228  speed_pid.o(i.vpid_realize)
    vpid_resuce_realize                      0x080052b1   Thumb Code    96  speed_pid.o(i.vpid_resuce_realize)
    Region$$Table$$Base                      0x0800531c   Number         0  anon$$obj.o(Region$$Table)
    Region$$Table$$Limit                     0x0800533c   Number         0  anon$$obj.o(Region$$Table)
    compare1                                 0x20000010   Data           4  stm32f4xx_tim.o(.data)
    ccr1                                     0x20000014   Data           4  stm32f4xx_tim.o(.data)
    compare3                                 0x20000018   Data           4  stm32f4xx_tim.o(.data)
    ccr3                                     0x2000001c   Data           4  stm32f4xx_tim.o(.data)
    compare4                                 0x20000020   Data           4  stm32f4xx_tim.o(.data)
    ccr4                                     0x20000024   Data           4  stm32f4xx_tim.o(.data)
    tmp                                      0x2000002c   Data           2  stm32f4xx_it.o(.data)
    stdid                                    0x20000030   Data           4  stm32f4xx_it.o(.data)
    x_speed                                  0x20000034   Data           4  remote_code.o(.data)
    y_speed                                  0x20000038   Data           4  remote_code.o(.data)
    z_speed                                  0x2000003c   Data           4  remote_code.o(.data)
    x_spee_d                                 0x20000040   Data           4  remote_code.o(.data)
    belt_speed                               0x20000044   Data           4  remote_code.o(.data)
    card_angle                               0x20000048   Data           4  remote_code.o(.data)
    resuce_speed1                            0x2000004c   Data           4  remote_code.o(.data)
    resuce_speed2                            0x20000050   Data           4  remote_code.o(.data)
    a                                        0x20000054   Data           4  remote_code.o(.data)
    pulse_cnt                                0x20000058   Data           2  remote_code.o(.data)
    i                                        0x2000005a   Data           2  remote_code.o(.data)
    steering_angle                           0x2000005c   Data           4  remote_code.o(.data)
    steering_angle_claw                      0x20000060   Data           4  remote_code.o(.data)
    stop_flag_1                              0x20000064   Data           2  kinematic.o(.data)
    resucecard_angle                         0x20000068   Data           4  kinematic.o(.data)
    synbelt_angle                            0x2000006c   Data           4  kinematic.o(.data)
    motor5_flag                              0x20000070   Data           4  kinematic.o(.data)
    angle_judge_flag1                        0x20000074   Data           4  kinematic.o(.data)
    angle_judge_flag2                        0x20000078   Data           4  kinematic.o(.data)
    switch_flag                              0x2000007c   Data           1  speed_pid.o(.data)
    pid_target_speed                         0x20000080   Data           4  speed_pid.o(.data)
    pid_target_angle                         0x20000084   Data           4  speed_pid.o(.data)
    temp_flip                                0x20000088   Data           4  tim3_events.o(.data)
    temp_handle                              0x2000008c   Data           4  tim3_events.o(.data)
    temp_chassic1                            0x20000090   Data           4  tim3_events.o(.data)
    temp_chassic2                            0x20000094   Data           4  tim3_events.o(.data)
    temp_chassic3                            0x20000098   Data           4  tim3_events.o(.data)
    temp_chassic4                            0x2000009c   Data           4  tim3_events.o(.data)
    temp_speed                               0x200000a0   Data           4  tim3_events.o(.data)
    max_motor_speed                          0x200000a8   Data           4  motor.o(.data)
    max_base_linear_speed                    0x200000ac   Data           4  motor.o(.data)
    max_base_rotational_speed                0x200000b0   Data           4  motor.o(.data)
    callback_flag                            0x200000b4   Data           4  motor.o(.data)
    handle_temp                              0x200000b8   Data           4  motor.o(.data)
    temp_resuce                              0x200000bc   Data           4  motor.o(.data)
    df                                       0x200000e8   Data           2  steering_engine.o(.data)
    look                                     0x200000ea   Data           2  steering_engine.o(.data)
    Encoder4_Timer_Overflow                  0x200000f0   Data           4  encoder.o(.data)
    Encoder2_Timer_Overflow                  0x200000f4   Data           4  encoder.o(.data)
    Previous_Count_2                         0x200000f8   Data           2  encoder.o(.data)
    Previous_Count_4                         0x200000fa   Data           2  encoder.o(.data)
    EncoderOverflowCountA                    0x200000fc   Data           4  encoder.o(.data)
    EncoderOverflowCountB                    0x20000100   Data           4  encoder.o(.data)
    EncoderOverflowCountC                    0x20000104   Data           4  encoder.o(.data)
    Encoder_Direction1                       0x20000108   Data           4  encoder.o(.data)
    Encoder_Direction2                       0x2000010c   Data           4  encoder.o(.data)
    Current_Count1                           0x20000110   Data           2  encoder.o(.data)
    Current_Count2                           0x20000112   Data           2  encoder.o(.data)
    Current_Count3                           0x20000114   Data           2  encoder.o(.data)
    Enc_Timer_Overflow1                      0x20000116   Data           2  encoder.o(.data)
    Enc_Timer_Overflow2                      0x20000118   Data           2  encoder.o(.data)
    Enc_Timer_Overflow3                      0x2000011a   Data           2  encoder.o(.data)
    Usart5_Clean_IDLE_Flag                   0x2000011c   Data           4  uart5.o(.data)
    key_num                                  0x20000120   Data           4  key.o(.data)
    RC_Ctl                                   0x20000126   Data          22  bsp_dbus.o(.data)
    rc                                       0x2000013c   Data          12  bsp_dbus.o(.data)
    get_rcc_clock                            0x20000148   Data          16  my_init.o(.bss)
    Kinematics                               0x20000158   Data         180  kinematic.o(.bss)
    pid_t                                    0x2000020c   Data         144  speed_pid.o(.bss)
    motor1                                   0x2000029c   Data         140  motor.o(.bss)
    motor2                                   0x20000328   Data         140  motor.o(.bss)
    motor3                                   0x200003b4   Data         140  motor.o(.bss)
    motor4                                   0x20000440   Data         140  motor.o(.bss)
    motor5                                   0x200004cc   Data         140  motor.o(.bss)
    motor6                                   0x20000558   Data         140  motor.o(.bss)
    motor7                                   0x200005e4   Data         140  motor.o(.bss)
    stepper_motor_left                       0x20000670   Data         140  motor.o(.bss)
    stepper_motor_right                      0x200006fc   Data         140  motor.o(.bss)
    limit_switch                             0x20000788   Data         140  motor.o(.bss)
    motor_can2_1                             0x20000814   Data         140  motor.o(.bss)
    motor10                                  0x200008a0   Data         140  motor.o(.bss)
    motor11                                  0x2000092c   Data         140  motor.o(.bss)
    motor12                                  0x200009b8   Data         140  motor.o(.bss)
    motor13                                  0x20000a44   Data         140  motor.o(.bss)
    loopback                                 0x20000ad0   Data          28  motor.o(.bss)
    Judge_Buffer                             0x20000aec   Data         200  uart5.o(.bss)
    xCom5DMAInit                             0x20000bb4   Data          60  uart5.o(.bss)
    sbus_rx_buffer                           0x20000bf0   Data          25  bsp_dbus.o(.bss)
    __initial_sp                             0x20001c10   Data           0  startup_stm32f427_437xx.o(STACK)



==============================================================================

Memory Map of the image

  Image Entry point : 0x080001ad

  Load Region LR_IROM1 (Base: 0x08000000, Size: 0x00005484, Max: 0x00200000, ABSOLUTE, COMPRESSED[0x00005370])

    Execution Region ER_IROM1 (Exec base: 0x08000000, Load base: 0x08000000, Size: 0x0000533c, Max: 0x00200000, ABSOLUTE)

    Exec Addr    Load Addr    Size         Type   Attr      Idx    E Section Name        Object

    0x08000000   0x08000000   0x000001ac   Data   RO            3    RESET               startup_stm32f427_437xx.o
    0x080001ac   0x080001ac   0x00000000   Code   RO         5984  * .ARM.Collect$$$$00000000  mc_w.l(entry.o)
    0x080001ac   0x080001ac   0x00000004   Code   RO         6015    .ARM.Collect$$$$00000001  mc_w.l(entry2.o)
    0x080001b0   0x080001b0   0x00000004   Code   RO         6018    .ARM.Collect$$$$00000004  mc_w.l(entry5.o)
    0x080001b4   0x080001b4   0x00000000   Code   RO         6020    .ARM.Collect$$$$00000008  mc_w.l(entry7b.o)
    0x080001b4   0x080001b4   0x00000000   Code   RO         6022    .ARM.Collect$$$$0000000A  mc_w.l(entry8b.o)
    0x080001b4   0x080001b4   0x00000008   Code   RO         6023    .ARM.Collect$$$$0000000B  mc_w.l(entry9a.o)
    0x080001bc   0x080001bc   0x00000000   Code   RO         6025    .ARM.Collect$$$$0000000D  mc_w.l(entry10a.o)
    0x080001bc   0x080001bc   0x00000000   Code   RO         6027    .ARM.Collect$$$$0000000F  mc_w.l(entry11a.o)
    0x080001bc   0x080001bc   0x00000004   Code   RO         6016    .ARM.Collect$$$$00002712  mc_w.l(entry2.o)
    0x080001c0   0x080001c0   0x00000024   Code   RO            4    .text               startup_stm32f427_437xx.o
    0x080001e4   0x080001e4   0x00000024   Code   RO         5989    .text               mc_w.l(memseta.o)
    0x08000208   0x08000208   0x0000014e   Code   RO         5993    .text               mf_w.l(dadd.o)
    0x08000356   0x08000356   0x000000e4   Code   RO         5995    .text               mf_w.l(dmul.o)
    0x0800043a   0x0800043a   0x000000de   Code   RO         5997    .text               mf_w.l(ddiv.o)
    0x08000518   0x08000518   0x00000022   Code   RO         5999    .text               mf_w.l(dflti.o)
    0x0800053a   0x0800053a   0x0000001a   Code   RO         6001    .text               mf_w.l(dfltui.o)
    0x08000554   0x08000554   0x0000003e   Code   RO         6003    .text               mf_w.l(dfixi.o)
    0x08000592   0x08000592   0x00000032   Code   RO         6005    .text               mf_w.l(dfixui.o)
    0x080005c4   0x080005c4   0x00000026   Code   RO         6007    .text               mf_w.l(f2d.o)
    0x080005ea   0x080005ea   0x00000002   PAD
    0x080005ec   0x080005ec   0x00000030   Code   RO         6009    .text               mf_w.l(cdcmple.o)
    0x0800061c   0x0800061c   0x00000030   Code   RO         6011    .text               mf_w.l(cdrcmple.o)
    0x0800064c   0x0800064c   0x00000038   Code   RO         6013    .text               mf_w.l(d2f.o)
    0x08000684   0x08000684   0x0000001e   Code   RO         6029    .text               mc_w.l(llshl.o)
    0x080006a2   0x080006a2   0x00000020   Code   RO         6031    .text               mc_w.l(llushr.o)
    0x080006c2   0x080006c2   0x00000024   Code   RO         6033    .text               mc_w.l(llsshr.o)
    0x080006e6   0x080006e6   0x00000000   Code   RO         6035    .text               mc_w.l(iusefp.o)
    0x080006e6   0x080006e6   0x0000006e   Code   RO         6036    .text               mf_w.l(fepilogue.o)
    0x08000754   0x08000754   0x000000ba   Code   RO         6038    .text               mf_w.l(depilogue.o)
    0x0800080e   0x0800080e   0x00000002   PAD
    0x08000810   0x08000810   0x00000024   Code   RO         6040    .text               mc_w.l(init.o)
    0x08000834   0x08000834   0x00000056   Code   RO         6050    .text               mc_w.l(__dczerorl2.o)
    0x0800088a   0x0800088a   0x00000016   Code   RO         4753    i.APID_Init         angle_pid.o
    0x080008a0   0x080008a0   0x00000054   Code   RO         4754    i.APID_Init_All     angle_pid.o
    0x080008f4   0x080008f4   0x00000190   Code   RO         4578    i.All_Init          my_init.o
    0x08000a84   0x08000a84   0x00000108   Code   RO         4673    i.BaseVel_To_WheelVel  kinematic.o
    0x08000b8c   0x08000b8c   0x00000004   Code   RO         4486    i.BusFault_Handler  stm32f4xx_it.o
    0x08000b90   0x08000b90   0x00000014   Code   RO         5157    i.CAN1_Config       can.o
    0x08000ba4   0x08000ba4   0x00000044   Code   RO         5158    i.CAN1_Filter_Config  can.o
    0x08000be8   0x08000be8   0x00000058   Code   RO         5159    i.CAN1_GPIO_Config  can.o
    0x08000c40   0x08000c40   0x0000005c   Code   RO         5160    i.CAN1_Mode_Config  can.o
    0x08000c9c   0x08000c9c   0x0000002a   Code   RO         5161    i.CAN1_NVIC_Config  can.o
    0x08000cc6   0x08000cc6   0x00000002   PAD
    0x08000cc8   0x08000cc8   0x00000184   Code   RO         4487    i.CAN1_RX0_IRQHandler  stm32f4xx_it.o
    0x08000e4c   0x08000e4c   0x00000070   Code   RO         5162    i.CAN1_Send_CHASSIS_Msg  can.o
    0x08000ebc   0x08000ebc   0x00000090   Code   RO         5163    i.CAN1_Send_flip_Msg  can.o
    0x08000f4c   0x08000f4c   0x00000090   Code   RO         5164    i.CAN1_Send_handle_Msg  can.o
    0x08000fdc   0x08000fdc   0x00000014   Code   RO         5165    i.CAN2_Config       can.o
    0x08000ff0   0x08000ff0   0x00000048   Code   RO         5166    i.CAN2_Filter_Config  can.o
    0x08001038   0x08001038   0x0000005c   Code   RO         5167    i.CAN2_GPIO_Config  can.o
    0x08001094   0x08001094   0x0000005c   Code   RO         5168    i.CAN2_Mode_Config  can.o
    0x080010f0   0x080010f0   0x00000026   Code   RO         5169    i.CAN2_NVIC_Config  can.o
    0x08001116   0x08001116   0x00000002   PAD
    0x08001118   0x08001118   0x00000184   Code   RO         4488    i.CAN2_RX0_IRQHandler  stm32f4xx_it.o
    0x0800129c   0x0800129c   0x00000070   Code   RO         5170    i.CAN2_Send_belt_Msg  can.o
    0x0800130c   0x0800130c   0x00000070   Code   RO         5171    i.CAN2_Send_resuce_Msg  can.o
    0x0800137c   0x0800137c   0x00000070   Code   RO         5172    i.CAN2_Send_resucecard_Msg  can.o
    0x080013ec   0x080013ec   0x00000038   Code   RO          463    i.CAN_DeInit        stm32f4xx_can.o
    0x08001424   0x08001424   0x00000108   Code   RO          465    i.CAN_FilterInit    stm32f4xx_can.o
    0x0800152c   0x0800152c   0x00000012   Code   RO          471    i.CAN_ITConfig      stm32f4xx_can.o
    0x0800153e   0x0800153e   0x00000114   Code   RO          472    i.CAN_Init          stm32f4xx_can.o
    0x08001652   0x08001652   0x000000f0   Code   RO          475    i.CAN_Receive       stm32f4xx_can.o
    0x08001742   0x08001742   0x00000020   Code   RO          478    i.CAN_StructInit    stm32f4xx_can.o
    0x08001762   0x08001762   0x00000126   Code   RO          480    i.CAN_Transmit      stm32f4xx_can.o
    0x08001888   0x08001888   0x000000a0   Code   RO          481    i.CAN_TransmitStatus  stm32f4xx_can.o
    0x08001928   0x08001928   0x00000144   Code   RO         5911    i.DMA2_Stream5_IRQHandler  bsp_dbus.o
    0x08001a6c   0x08001a6c   0x00000034   Code   RO          854    i.DMA_ClearFlag     stm32f4xx_dma.o
    0x08001aa0   0x08001aa0   0x00000034   Code   RO          855    i.DMA_ClearITPendingBit  stm32f4xx_dma.o
    0x08001ad4   0x08001ad4   0x00000016   Code   RO          856    i.DMA_Cmd           stm32f4xx_dma.o
    0x08001aea   0x08001aea   0x00000002   PAD
    0x08001aec   0x08001aec   0x00000158   Code   RO          857    i.DMA_DeInit        stm32f4xx_dma.o
    0x08001c44   0x08001c44   0x00000008   Code   RO          862    i.DMA_GetCurrDataCounter  stm32f4xx_dma.o
    0x08001c4c   0x08001c4c   0x00000064   Code   RO          866    i.DMA_GetITStatus   stm32f4xx_dma.o
    0x08001cb0   0x08001cb0   0x0000003a   Code   RO          867    i.DMA_ITConfig      stm32f4xx_dma.o
    0x08001cea   0x08001cea   0x00000002   PAD
    0x08001cec   0x08001cec   0x00000058   Code   RO          868    i.DMA_Init          stm32f4xx_dma.o
    0x08001d44   0x08001d44   0x00000002   Code   RO         4489    i.DebugMon_Handler  stm32f4xx_it.o
    0x08001d46   0x08001d46   0x00000002   PAD
    0x08001d48   0x08001d48   0x00000040   Code   RO         4900    i.Debug_Key         tim3_events.o
    0x08001d88   0x08001d88   0x000000c0   Code   RO         5854    i.Debug_USART_Config  bsp_debug_usart.o
    0x08001e48   0x08001e48   0x00000118   Code   RO         5912    i.Dji_Remote_Init   bsp_dbus.o
    0x08001f60   0x08001f60   0x000000b0   Code   RO         4490    i.EXTI2_IRQHandler  stm32f4xx_it.o
    0x08002010   0x08002010   0x000000b0   Code   RO         4491    i.EXTI3_IRQHandler  stm32f4xx_it.o
    0x080020c0   0x080020c0   0x0000000c   Code   RO         4220    i.EXTI_ClearITPendingBit  stm32f4xx_exti.o
    0x080020cc   0x080020cc   0x00000018   Code   RO         4224    i.EXTI_GetITStatus  stm32f4xx_exti.o
    0x080020e4   0x080020e4   0x00000090   Code   RO         1593    i.GPIO_Init         stm32f4xx_gpio.o
    0x08002174   0x08002174   0x00000046   Code   RO         1594    i.GPIO_PinAFConfig  stm32f4xx_gpio.o
    0x080021ba   0x080021ba   0x00000004   Code   RO         1600    i.GPIO_ResetBits    stm32f4xx_gpio.o
    0x080021be   0x080021be   0x00000004   Code   RO         1601    i.GPIO_SetBits      stm32f4xx_gpio.o
    0x080021c2   0x080021c2   0x00000002   PAD
    0x080021c4   0x080021c4   0x00000134   Code   RO         4674    i.Get_Base_Velocities  kinematic.o
    0x080022f8   0x080022f8   0x00000004   Code   RO         4492    i.HardFault_Handler  stm32f4xx_it.o
    0x080022fc   0x080022fc   0x00000010   Code   RO         5321    i.MY_NVIC_SetVectorTable  sys.o
    0x0800230c   0x0800230c   0x00000004   Code   RO         4493    i.MemManage_Handler  stm32f4xx_it.o
    0x08002310   0x08002310   0x00000002   Code   RO         4494    i.NMI_Handler       stm32f4xx_it.o
    0x08002312   0x08002312   0x00000002   PAD
    0x08002314   0x08002314   0x00000078   Code   RO          161    i.NVIC_Init         misc.o
    0x0800238c   0x0800238c   0x00000014   Code   RO          162    i.NVIC_PriorityGroupConfig  misc.o
    0x080023a0   0x080023a0   0x000000b4   Code   RO         5036    i.Push_Init         push.o
    0x08002454   0x08002454   0x00000020   Code   RO         2078    i.RCC_AHB1PeriphClockCmd  stm32f4xx_rcc.o
    0x08002474   0x08002474   0x00000020   Code   RO         2087    i.RCC_APB1PeriphClockCmd  stm32f4xx_rcc.o
    0x08002494   0x08002494   0x00000020   Code   RO         2089    i.RCC_APB1PeriphResetCmd  stm32f4xx_rcc.o
    0x080024b4   0x080024b4   0x00000020   Code   RO         2090    i.RCC_APB2PeriphClockCmd  stm32f4xx_rcc.o
    0x080024d4   0x080024d4   0x00000020   Code   RO         2092    i.RCC_APB2PeriphResetCmd  stm32f4xx_rcc.o
    0x080024f4   0x080024f4   0x000000e8   Code   RO         2099    i.RCC_GetClocksFreq  stm32f4xx_rcc.o
    0x080025dc   0x080025dc   0x000004c4   Code   RO         4621    i.Remote_Control    remote_code.o
    0x08002aa0   0x08002aa0   0x00000150   Code   RO         4901    i.Robo_Move         tim3_events.o
    0x08002bf0   0x08002bf0   0x00000120   Code   RO           13    i.SetSysClock       system_stm32f4xx.o
    0x08002d10   0x08002d10   0x00000068   Code   RO         5322    i.Stm32_Clock_Init  sys.o
    0x08002d78   0x08002d78   0x0000010c   Code   RO         5323    i.Sys_Clock_Set     sys.o
    0x08002e84   0x08002e84   0x00000068   Code   RO           15    i.SystemInit        system_stm32f4xx.o
    0x08002eec   0x08002eec   0x00000040   Code   RO         5580    i.TIM2_IRQHandler   encoder.o
    0x08002f2c   0x08002f2c   0x000000a8   Code   RO         4285    i.TIM3_IRQHandler   main.o
    0x08002fd4   0x08002fd4   0x00000054   Code   RO         5948    i.TIM3_Int_Init     timer.o
    0x08003028   0x08003028   0x0000008c   Code   RO         4286    i.TIM4_IRQHandler   main.o
    0x080030b4   0x080030b4   0x00000018   Code   RO         3204    i.TIM_ARRPreloadConfig  stm32f4xx_tim.o
    0x080030cc   0x080030cc   0x00000006   Code   RO         3211    i.TIM_ClearITPendingBit  stm32f4xx_tim.o
    0x080030d2   0x080030d2   0x00000018   Code   RO         3216    i.TIM_Cmd           stm32f4xx_tim.o
    0x080030ea   0x080030ea   0x0000001e   Code   RO         3218    i.TIM_CtrlPWMOutputs  stm32f4xx_tim.o
    0x08003108   0x08003108   0x00000022   Code   RO         3237    i.TIM_GetITStatus   stm32f4xx_tim.o
    0x0800312a   0x0800312a   0x00000012   Code   RO         3241    i.TIM_ITConfig      stm32f4xx_tim.o
    0x0800313c   0x0800313c   0x0000007c   Code   RO         3245    i.TIM_OC1Init       stm32f4xx_tim.o
    0x080031b8   0x080031b8   0x00000012   Code   RO         3248    i.TIM_OC1PreloadConfig  stm32f4xx_tim.o
    0x080031ca   0x080031ca   0x00000002   PAD
    0x080031cc   0x080031cc   0x000000a4   Code   RO         3250    i.TIM_OC2Init       stm32f4xx_tim.o
    0x08003270   0x08003270   0x0000001a   Code   RO         3253    i.TIM_OC2PreloadConfig  stm32f4xx_tim.o
    0x0800328a   0x0800328a   0x00000002   PAD
    0x0800328c   0x0800328c   0x000000a0   Code   RO         3255    i.TIM_OC3Init       stm32f4xx_tim.o
    0x0800332c   0x0800332c   0x00000012   Code   RO         3258    i.TIM_OC3PreloadConfig  stm32f4xx_tim.o
    0x0800333e   0x0800333e   0x00000002   PAD
    0x08003340   0x08003340   0x00000078   Code   RO         3260    i.TIM_OC4Init       stm32f4xx_tim.o
    0x080033b8   0x080033b8   0x0000001a   Code   RO         3262    i.TIM_OC4PreloadConfig  stm32f4xx_tim.o
    0x080033d2   0x080033d2   0x00000014   Code   RO         5037    i.TIM_Push_PWM_Init  push.o
    0x080033e6   0x080033e6   0x00000002   PAD
    0x080033e8   0x080033e8   0x000000f0   Code   RO         5038    i.TIM_Push_PWM_Init4  push.o
    0x080034d8   0x080034d8   0x000000e0   Code   RO         5039    i.TIM_Push_PWM_Init51  push.o
    0x080035b8   0x080035b8   0x000000a8   Code   RO         5040    i.TIM_Push_PWM_Init52  push.o
    0x08003660   0x08003660   0x000000ec   Code   RO         5041    i.TIM_Push_PWM_Init8  push.o
    0x0800374c   0x0800374c   0x00000018   Code   RO         3278    i.TIM_SetCompare1   stm32f4xx_tim.o
    0x08003764   0x08003764   0x00000004   Code   RO         3279    i.TIM_SetCompare2   stm32f4xx_tim.o
    0x08003768   0x08003768   0x00000018   Code   RO         3280    i.TIM_SetCompare3   stm32f4xx_tim.o
    0x08003780   0x08003780   0x00000018   Code   RO         3281    i.TIM_SetCompare4   stm32f4xx_tim.o
    0x08003798   0x08003798   0x0000010c   Code   RO         5099    i.TIM_Steering_Engine_PWM_Init  steering_engine.o
    0x080038a4   0x080038a4   0x00000084   Code   RO         3288    i.TIM_TimeBaseInit  stm32f4xx_tim.o
    0x08003928   0x08003928   0x00000054   Code   RO         5653    i.UART5_IRQHandler  uart5.o
    0x0800397c   0x0800397c   0x00000018   Code   RO         3773    i.USART_Cmd         stm32f4xx_usart.o
    0x08003994   0x08003994   0x00000012   Code   RO         3774    i.USART_DMACmd      stm32f4xx_usart.o
    0x080039a6   0x080039a6   0x00000002   PAD
    0x080039a8   0x080039a8   0x000000f0   Code   RO         3775    i.USART_DeInit      stm32f4xx_usart.o
    0x08003a98   0x08003a98   0x0000001a   Code   RO         3776    i.USART_GetFlagStatus  stm32f4xx_usart.o
    0x08003ab2   0x08003ab2   0x00000054   Code   RO         3777    i.USART_GetITStatus  stm32f4xx_usart.o
    0x08003b06   0x08003b06   0x0000004a   Code   RO         3779    i.USART_ITConfig    stm32f4xx_usart.o
    0x08003b50   0x08003b50   0x000000d4   Code   RO         3780    i.USART_Init        stm32f4xx_usart.o
    0x08003c24   0x08003c24   0x00000008   Code   RO         3790    i.USART_SendData    stm32f4xx_usart.o
    0x08003c2c   0x08003c2c   0x00000004   Code   RO         4495    i.UsageFault_Handler  stm32f4xx_it.o
    0x08003c30   0x08003c30   0x0000001e   Code   RO         5855    i.Usart_SendByte    bsp_debug_usart.o
    0x08003c4e   0x08003c4e   0x00000016   Code   RO         4795    i.VPID_Init         speed_pid.o
    0x08003c64   0x08003c64   0x0000007c   Code   RO         4796    i.VPID_Init_All     speed_pid.o
    0x08003ce0   0x08003ce0   0x0000000e   Code   RO         6044    i.__scatterload_copy  mc_w.l(handlers.o)
    0x08003cee   0x08003cee   0x00000002   Code   RO         6045    i.__scatterload_null  mc_w.l(handlers.o)
    0x08003cf0   0x08003cf0   0x0000000e   Code   RO         6046    i.__scatterload_zeroinit  mc_w.l(handlers.o)
    0x08003cfe   0x08003cfe   0x00000002   PAD
    0x08003d00   0x08003d00   0x0000005c   Code   RO         4755    i.apid_card_realize  angle_pid.o
    0x08003d5c   0x08003d5c   0x0000021c   Code   RO         4758    i.apid_realize      angle_pid.o
    0x08003f78   0x08003f78   0x000000f4   Code   RO         4622    i.caculate_linear_speed  remote_code.o
    0x0800406c   0x0800406c   0x00000100   Code   RO         4623    i.caculate_rotational_speed  remote_code.o
    0x0800416c   0x0800416c   0x00000058   Code   RO         4676    i.card_speed_control  kinematic.o
    0x080041c4   0x080041c4   0x000001b4   Code   RO         4677    i.chassic_speed_control  kinematic.o
    0x08004378   0x08004378   0x00000038   Code   RO         5269    i.delay_init        delay.o
    0x080043b0   0x080043b0   0x00000062   Code   RO         5412    i.find_max          algorithm.o
    0x08004412   0x08004412   0x00000002   PAD
    0x08004414   0x08004414   0x00000034   Code   RO         4679    i.flip_speed_control  kinematic.o
    0x08004448   0x08004448   0x0000001c   Code   RO         4681    i.handle_speed_control  kinematic.o
    0x08004464   0x08004464   0x00000030   Code   RO         5788    i.key_init          key.o
    0x08004494   0x08004494   0x00000044   Code   RO         5789    i.key_press         key.o
    0x080044d8   0x080044d8   0x00000040   Code   RO         5821    i.led_init          led.o
    0x08004518   0x08004518   0x00000030   Code   RO         5701    i.limit_init_test   limit_switch.o
    0x08004548   0x08004548   0x00000008   Code   RO         4287    i.main              main.o
    0x08004550   0x08004550   0x000000e4   Code   RO         4935    i.motor_init        motor.o
    0x08004634   0x08004634   0x00000010   Code   RO         5740    i.power_close_all   power.o
    0x08004644   0x08004644   0x00000078   Code   RO         5742    i.power_init        power.o
    0x080046bc   0x080046bc   0x000000a4   Code   RO         4937    i.record_motor_callback  motor.o
    0x08004760   0x08004760   0x0000004c   Code   RO         4938    i.set_belt_current  motor.o
    0x080047ac   0x080047ac   0x0000008c   Code   RO         4939    i.set_chassis_current  motor.o
    0x08004838   0x08004838   0x0000004c   Code   RO         4940    i.set_flip_current  motor.o
    0x08004884   0x08004884   0x0000002c   Code   RO         4941    i.set_handle_current  motor.o
    0x080048b0   0x080048b0   0x0000004c   Code   RO         4942    i.set_resuce_current  motor.o
    0x080048fc   0x080048fc   0x0000002c   Code   RO         4943    i.set_resucecard_current  motor.o
    0x08004928   0x08004928   0x000000b4   Code   RO         5100    i.set_steering_gear_angle  steering_engine.o
    0x080049dc   0x080049dc   0x000000b4   Code   RO         5101    i.set_steering_gear_angle_repeat  steering_engine.o
    0x08004a90   0x08004a90   0x000000a4   Code   RO         5102    i.set_steering_gear_dutyfactor  steering_engine.o
    0x08004b34   0x08004b34   0x0000009c   Code   RO         5103    i.set_steering_gear_dutyfactor_repeat  steering_engine.o
    0x08004bd0   0x08004bd0   0x0000006c   Code   RO         4797    i.vpid_belt_realize  speed_pid.o
    0x08004c3c   0x08004c3c   0x00000048   Code   RO         4798    i.vpid_card_realize  speed_pid.o
    0x08004c84   0x08004c84   0x000000b8   Code   RO         4799    i.vpid_chassic_realize  speed_pid.o
    0x08004d3c   0x08004d3c   0x00000058   Code   RO         4800    i.vpid_flip_realize  speed_pid.o
    0x08004d94   0x08004d94   0x00000048   Code   RO         4801    i.vpid_handle_realize  speed_pid.o
    0x08004ddc   0x08004ddc   0x000004d4   Code   RO         4802    i.vpid_realize      speed_pid.o
    0x080052b0   0x080052b0   0x0000006c   Code   RO         4803    i.vpid_resuce_realize  speed_pid.o
    0x0800531c   0x0800531c   0x00000020   Data   RO         6042    Region$$Table       anon$$obj.o


    Execution Region RW_IRAM1 (Exec base: 0x20000000, Load base: 0x0800533c, Size: 0x00001c10, Max: 0x00030000, ABSOLUTE, COMPRESSED[0x00000034])

    Exec Addr    Load Addr    Size         Type   Attr      Idx    E Section Name        Object

    0x20000000   COMPRESSED   0x00000010   Data   RW         2131    .data               stm32f4xx_rcc.o
    0x20000010   COMPRESSED   0x00000018   Data   RW         3292    .data               stm32f4xx_tim.o
    0x20000028   COMPRESSED   0x00000004   Data   RW         4288    .data               main.o
    0x2000002c   COMPRESSED   0x00000008   Data   RW         4496    .data               stm32f4xx_it.o
    0x20000034   COMPRESSED   0x00000030   Data   RW         4624    .data               remote_code.o
    0x20000064   COMPRESSED   0x00000018   Data   RW         4683    .data               kinematic.o
    0x2000007c   COMPRESSED   0x0000000c   Data   RW         4805    .data               speed_pid.o
    0x20000088   COMPRESSED   0x00000020   Data   RW         4902    .data               tim3_events.o
    0x200000a8   COMPRESSED   0x00000040   Data   RW         4947    .data               motor.o
    0x200000e8   COMPRESSED   0x00000004   Data   RW         5104    .data               steering_engine.o
    0x200000ec   COMPRESSED   0x00000004   Data   RW         5273    .data               delay.o
    0x200000f0   COMPRESSED   0x0000002c   Data   RW         5583    .data               encoder.o
    0x2000011c   COMPRESSED   0x00000004   Data   RW         5657    .data               uart5.o
    0x20000120   COMPRESSED   0x00000006   Data   RW         5790    .data               key.o
    0x20000126   COMPRESSED   0x00000022   Data   RW         5914    .data               bsp_dbus.o
    0x20000148        -       0x00000010   Zero   RW         4579    .bss                my_init.o
    0x20000158        -       0x000000b4   Zero   RW         4682    .bss                kinematic.o
    0x2000020c        -       0x00000090   Zero   RW         4804    .bss                speed_pid.o
    0x2000029c        -       0x00000850   Zero   RW         4946    .bss                motor.o
    0x20000aec        -       0x00000104   Zero   RW         5656    .bss                uart5.o
    0x20000bf0        -       0x00000019   Zero   RW         5913    .bss                bsp_dbus.o
    0x20000c09   COMPRESSED   0x00000007   PAD
    0x20000c10        -       0x00001000   Zero   RW            1    STACK               startup_stm32f427_437xx.o


==============================================================================

Image component sizes


      Code (inc. data)   RO Data    RW Data    ZI Data      Debug   Object Name

        98          0          0          0          0        723   algorithm.o
       738         62          0          0          0       3055   angle_pid.o
       604         48          0         34         25       4039   bsp_dbus.o
       222         10          0          0          0       1694   bsp_debug_usart.o
      1360         72          0          0          0      10535   can.o
        56         10          0          4          0        713   delay.o
        64          6          0         44          0       1543   encoder.o
       116         18          0          6          0       1337   key.o
      1176        128          0         24        180       6371   kinematic.o
        64          4          0          0          0        535   led.o
        48          6          0          0          0        578   limit_switch.o
       316         34          0          4          0     288868   main.o
       140         24          0          0          0       1755   misc.o
       848         96          0         64       2128       8600   motor.o
       400         62          0          0         16        907   my_init.o
       136         12          0          0          0       1107   power.o
      1068         44          0          0          0       4130   push.o
      1720        152          0         48          0       3487   remote_code.o
      2014        162          0         12        144      10404   speed_pid.o
        36          8        428          0       4096        976   startup_stm32f427_437xx.o
       948        136          0          4          0       3897   steering_engine.o
      1340         34          0          0          0       6875   stm32f4xx_can.o
       724         72          0          0          0       6964   stm32f4xx_dma.o
        36         10          0          0          0       1264   stm32f4xx_exti.o
       222          0          0          0          0       3215   stm32f4xx_gpio.o
      1148        124          0          8          0       6503   stm32f4xx_it.o
       392         48          0         16          0       6281   stm32f4xx_rcc.o
      1000         96          0         24          0      14134   stm32f4xx_tim.o
       686         42          0          0          0       6787   stm32f4xx_usart.o
       388         32          0          0          0       2068   sys.o
       392         32          0          0          0     317389   system_stm32f4xx.o
       400         22          0         32          0       1655   tim3_events.o
        84          6          0          0          0        696   timer.o
        84         16          0          4        260       1466   uart5.o

    ----------------------------------------------------------------------
     19094       1628        460        328       6856     730551   Object Totals
         0          0         32          0          0          0   (incl. Generated)
        26          0          0          0          7          0   (incl. Padding)

    ----------------------------------------------------------------------

      Code (inc. data)   RO Data    RW Data    ZI Data      Debug   Library Member Name

        86          0          0          0          0          0   __dczerorl2.o
         0          0          0          0          0          0   entry.o
         0          0          0          0          0          0   entry10a.o
         0          0          0          0          0          0   entry11a.o
         8          4          0          0          0          0   entry2.o
         4          0          0          0          0          0   entry5.o
         0          0          0          0          0          0   entry7b.o
         0          0          0          0          0          0   entry8b.o
         8          4          0          0          0          0   entry9a.o
        30          0          0          0          0          0   handlers.o
        36          8          0          0          0         68   init.o
         0          0          0          0          0          0   iusefp.o
        30          0          0          0          0         68   llshl.o
        36          0          0          0          0         68   llsshr.o
        32          0          0          0          0         68   llushr.o
        36          0          0          0          0        108   memseta.o
        48          0          0          0          0         68   cdcmple.o
        48          0          0          0          0         68   cdrcmple.o
        56          0          0          0          0         88   d2f.o
       334          0          0          0          0        148   dadd.o
       222          0          0          0          0        100   ddiv.o
       186          0          0          0          0        176   depilogue.o
        62          0          0          0          0         80   dfixi.o
        50          0          0          0          0         76   dfixui.o
        34          0          0          0          0         76   dflti.o
        26          0          0          0          0         76   dfltui.o
       228          0          0          0          0         96   dmul.o
        38          0          0          0          0         68   f2d.o
       110          0          0          0          0        168   fepilogue.o

    ----------------------------------------------------------------------
      1754         16          0          0          0       1668   Library Totals
         6          0          0          0          0          0   (incl. Padding)

    ----------------------------------------------------------------------

      Code (inc. data)   RO Data    RW Data    ZI Data      Debug   Library Name

       306         16          0          0          0        380   mc_w.l
      1442          0          0          0          0       1288   mf_w.l

    ----------------------------------------------------------------------
      1754         16          0          0          0       1668   Library Totals

    ----------------------------------------------------------------------

==============================================================================


      Code (inc. data)   RO Data    RW Data    ZI Data      Debug   

     20848       1644        460        328       6856     717923   Grand Totals
     20848       1644        460         52       6856     717923   ELF Image Totals (compressed)
     20848       1644        460         52          0          0   ROM Totals

==============================================================================

    Total RO  Size (Code + RO Data)                21308 (  20.81kB)
    Total RW  Size (RW Data + ZI Data)              7184 (   7.02kB)
    Total ROM Size (Code + RO Data + RW Data)      21360 (  20.86kB)

==============================================================================

